###############################################################################
#
# IAR ELF Linker V8.22.1.15669/W32 for ARM                18/Mar/2021  23:22:36
# Copyright 2007-2018 IAR Systems AB.
#
#    Output file  =  
#        C:\Users\jzwdq\Desktop\O\SmartC\Camera_K60_Demo_2020\Debug\Exe\seusmarter.out
#    Map file     =  
#        C:\Users\jzwdq\Desktop\O\SmartC\Camera_K60_Demo_2020\Debug\List\seusmarter.map
#    Command line =  
#        -f C:\Users\jzwdq\AppData\Local\Temp\EW76E5.tmp
#        (C:\Users\jzwdq\Desktop\O\SmartC\Camera_K60_Demo_2020\Debug\Obj\adc.o
#        C:\Users\jzwdq\Desktop\O\SmartC\Camera_K60_Demo_2020\Debug\Obj\can.o
#        C:\Users\jzwdq\Desktop\O\SmartC\Camera_K60_Demo_2020\Debug\Obj\cmp.o
#        C:\Users\jzwdq\Desktop\O\SmartC\Camera_K60_Demo_2020\Debug\Obj\common.o
#        C:\Users\jzwdq\Desktop\O\SmartC\Camera_K60_Demo_2020\Debug\Obj\cpuidy.o
#        C:\Users\jzwdq\Desktop\O\SmartC\Camera_K60_Demo_2020\Debug\Obj\crc.o
#        C:\Users\jzwdq\Desktop\O\SmartC\Camera_K60_Demo_2020\Debug\Obj\dac.o
#        C:\Users\jzwdq\Desktop\O\SmartC\Camera_K60_Demo_2020\Debug\Obj\DEV_SCCB.o
#        C:\Users\jzwdq\Desktop\O\SmartC\Camera_K60_Demo_2020\Debug\Obj\dma.o
#        C:\Users\jzwdq\Desktop\O\SmartC\Camera_K60_Demo_2020\Debug\Obj\enet.o
#        C:\Users\jzwdq\Desktop\O\SmartC\Camera_K60_Demo_2020\Debug\Obj\flash.o
#        C:\Users\jzwdq\Desktop\O\SmartC\Camera_K60_Demo_2020\Debug\Obj\flexbus.o
#        C:\Users\jzwdq\Desktop\O\SmartC\Camera_K60_Demo_2020\Debug\Obj\ftm.o
#        C:\Users\jzwdq\Desktop\O\SmartC\Camera_K60_Demo_2020\Debug\Obj\gpio.o
#        C:\Users\jzwdq\Desktop\O\SmartC\Camera_K60_Demo_2020\Debug\Obj\gui.o
#        C:\Users\jzwdq\Desktop\O\SmartC\Camera_K60_Demo_2020\Debug\Obj\i2c.o
#        C:\Users\jzwdq\Desktop\O\SmartC\Camera_K60_Demo_2020\Debug\Obj\i2s.o
#        C:\Users\jzwdq\Desktop\O\SmartC\Camera_K60_Demo_2020\Debug\Obj\img_processing.o
#        C:\Users\jzwdq\Desktop\O\SmartC\Camera_K60_Demo_2020\Debug\Obj\init.o
#        C:\Users\jzwdq\Desktop\O\SmartC\Camera_K60_Demo_2020\Debug\Obj\isr.o
#        C:\Users\jzwdq\Desktop\O\SmartC\Camera_K60_Demo_2020\Debug\Obj\lptmr.o
#        C:\Users\jzwdq\Desktop\O\SmartC\Camera_K60_Demo_2020\Debug\Obj\main.o
#        C:\Users\jzwdq\Desktop\O\SmartC\Camera_K60_Demo_2020\Debug\Obj\nfc.o
#        C:\Users\jzwdq\Desktop\O\SmartC\Camera_K60_Demo_2020\Debug\Obj\oled.o
#        C:\Users\jzwdq\Desktop\O\SmartC\Camera_K60_Demo_2020\Debug\Obj\pdb.o
#        C:\Users\jzwdq\Desktop\O\SmartC\Camera_K60_Demo_2020\Debug\Obj\pid.o
#        C:\Users\jzwdq\Desktop\O\SmartC\Camera_K60_Demo_2020\Debug\Obj\pit.o
#        C:\Users\jzwdq\Desktop\O\SmartC\Camera_K60_Demo_2020\Debug\Obj\rtc.o
#        C:\Users\jzwdq\Desktop\O\SmartC\Camera_K60_Demo_2020\Debug\Obj\sd.o
#        C:\Users\jzwdq\Desktop\O\SmartC\Camera_K60_Demo_2020\Debug\Obj\spi.o
#        C:\Users\jzwdq\Desktop\O\SmartC\Camera_K60_Demo_2020\Debug\Obj\startup_MK60D10.o
#        C:\Users\jzwdq\Desktop\O\SmartC\Camera_K60_Demo_2020\Debug\Obj\sysinit.o
#        C:\Users\jzwdq\Desktop\O\SmartC\Camera_K60_Demo_2020\Debug\Obj\system_MK60D10.o
#        C:\Users\jzwdq\Desktop\O\SmartC\Camera_K60_Demo_2020\Debug\Obj\systick.o
#        C:\Users\jzwdq\Desktop\O\SmartC\Camera_K60_Demo_2020\Debug\Obj\tsi.o
#        C:\Users\jzwdq\Desktop\O\SmartC\Camera_K60_Demo_2020\Debug\Obj\uart.o
#        C:\Users\jzwdq\Desktop\O\SmartC\Camera_K60_Demo_2020\Debug\Obj\upper_monitor.o
#        C:\Users\jzwdq\Desktop\O\SmartC\Camera_K60_Demo_2020\Debug\Obj\varieble.o
#        C:\Users\jzwdq\Desktop\O\SmartC\Camera_K60_Demo_2020\Debug\Obj\vref.o
#        C:\Users\jzwdq\Desktop\O\SmartC\Camera_K60_Demo_2020\Debug\Obj\wdog.o
#        -o
#        C:\Users\jzwdq\Desktop\O\SmartC\Camera_K60_Demo_2020\Debug\Exe\seusmarter.out
#        --redirect _Printf=_PrintfFullNoMb --redirect _Scanf=_ScanfFullNoMb
#        --map
#        C:\Users\jzwdq\Desktop\O\SmartC\Camera_K60_Demo_2020\Debug\List\seusmarter.map
#        --config "C:\Program Files (x86)\IAR Systems\Embedded Workbench
#        8.0\arm\config\linker\NXP\MK60xN512_10.icf" --semihosting --entry
#        __iar_program_start --vfe --text_out locale)
#
###############################################################################

*******************************************************************************
*** RUNTIME MODEL ATTRIBUTES
***

CppFlavor       = *
__SystemLibrary = DLib
__dlib_version  = 6


*******************************************************************************
*** HEAP SELECTION
***

The basic heap was selected because no calls to memory allocation
functions were found in the application outside of system library
functions, and there are calls to deallocation functions in the
application.


*******************************************************************************
*** PLACEMENT SUMMARY
***

"A0":  place at 0x00000000 { ro section .intvec };
"P2":  place in [from 0x00000000 to 0x000003ff] |
                [from 0x00000410 to 0x0007ffff] { ro };
define block CSTACK with size = 8K, alignment = 8 { };
define block HEAP with size = 16K, alignment = 8 { };
"P3":  place in [from 0x1fff0000 to 0x1fffffff repeat 2] {
          rw, block CSTACK, block HEAP };
initialize by copy { rw };

No sections matched the following patterns:

  section FlashConfig  in "P1"


  Section            Kind        Address    Size  Object
  -------            ----        -------    ----  ------
"A0":                                      0x410
  .intvec            ro code  0x00000000   0x410  startup_MK60D10.o [1]
                            - 0x00000410   0x410

"P2":                                     0xd9ac
  .rodata            const    0x00000410  0x8000  oled.o [1]
  .text              ro code  0x00008410   0xcca  ftm.o [1]
  .text              ro code  0x000090dc   0x5b2  gpio.o [1]
  .text              ro code  0x00009690    0x70  common.o [1]
  .text              ro code  0x00009700   0x23c  system_MK60D10.o [1]
  .text              ro code  0x0000993c     0x2  common.o [1]
  .rodata            const    0x00009940   0x5f0  oled.o [1]
  .text              ro code  0x00009f30   0x594  main.o [1]
  .text              ro code  0x0000a4c4   0x314  init.o [1]
  .text              ro code  0x0000a7d8   0x190  lptmr.o [1]
  .text              ro code  0x0000a968    0x8e  pid.o [1]
  .text              ro code  0x0000a9f8   0x19c  pit.o [1]
  .text              ro code  0x0000ab94    0x1c  U32ToFlt.o [4]
  .text              ro code  0x0000abb0   0x530  oled.o [1]
  .text              ro code  0x0000b0e0   0x2b0  img_processing.o [1]
  .text              ro code  0x0000b390    0x24  S32ToFlt.o [4]
  .text              ro code  0x0000b3b4    0xe2  FltAdd.o [4]
  .text              ro code  0x0000b498    0x22  S32ToDbl.o [4]
  .text              ro code  0x0000b4bc   0x1a2  DblMul.o [4]
  .text              ro code  0x0000b660    0x48  FltToDbl.o [4]
  .text              ro code  0x0000b6a8    0xe2  DblSub.o [4]
  .text              ro code  0x0000b78c    0x3a  DblToS32.o [4]
  .text              ro code  0x0000b7c8    0x68  DblToFlt.o [4]
  .text              ro code  0x0000b830   0x208  tan32.o [4]
  .text              ro code  0x0000ba38   0x554  adc.o [1]
  .text              ro code  0x0000bf8c   0x548  uart.o [1]
  .text              ro code  0x0000c4d4    0xb4  systick.o [1]
  .text              ro code  0x0000c588     0x6  ABImemclr4.o [5]
  .text              ro code  0x0000c590   0x328  dma.o [1]
  .text              ro code  0x0000c8b8   0x1aa  DEV_SCCB.o [1]
  .text              ro code  0x0000ca64    0x80  FltSub.o [4]
  .text              ro code  0x0000cae4    0xd8  FltMul.o [4]
  .text              ro code  0x0000cbbc    0x2a  FltToS32.o [4]
  .text              ro code  0x0000cbe8     0x6  ABImemclr.o [5]
  .text              ro code  0x0000cbf0   0x246  DblDiv.o [4]
  .text              ro code  0x0000ce38    0x1c  FltCmpEq.o [4]
  .text              ro code  0x0000ce54    0xf2  sqrt.o [4]
  .text              ro code  0x0000cf48    0xfc  FltDiv.o [4]
  .text              ro code  0x0000d044   0x168  DblAdd.o [4]
  .text              ro code  0x0000d1ac    0x24  FltCmpLe.o [4]
  .text              ro code  0x0000d1d0    0x32  ABImemset48.o [5]
  .text              ro code  0x0000d204    0x5e  ABImemset.o [5]
  .rodata            const    0x0000d264   0x474  oled.o [1]
  .text              ro code  0x0000d6d8    0xa0  isr.o [1]
  .text              ro code  0x0000d778    0x94  dac.o [1]
  .text              ro code  0x0000d80c    0x58  rtc.o [1]
  .text              ro code  0x0000d864    0x52  spi.o [1]
  .rodata            const    0x0000d8b8    0x48  uart.o [1]
  .text              ro code  0x0000d900    0x48  enet.o [1]
  .text              ro code  0x0000d948    0x40  zero_init3.o [5]
  .text              ro code  0x0000d988    0x34  tsi.o [1]
  .text              ro code  0x0000d9bc    0x30  can.o [1]
  .text              ro code  0x0000d9ec    0x2c  copy_init3.o [5]
  .text              ro code  0x0000da18    0x28  pdb.o [1]
  .text              ro code  0x0000da40    0x28  wdog.o [1]
  .text              ro code  0x0000da68    0x28  data_init.o [5]
  .rodata            const    0x0000da90    0x24  ftm.o [1]
  .iar.init_table    const    0x0000dab4    0x24  - Linker created -
  .text              ro code  0x0000dad8    0x1e  cmain.o [5]
  .text              ro code  0x0000daf6     0x4  low_level_init.o [3]
  .text              ro code  0x0000dafa     0x4  exit.o [3]
  .text              ro code  0x0000db00     0xa  cexit.o [5]
  .text              ro code  0x0000db0c    0x14  exit.o [6]
  .rodata            const    0x0000db20    0x18  adc.o [1]
  .rodata            const    0x0000db38    0x18  uart.o [1]
  .rodata            const    0x0000db50    0x14  gpio.o [1]
  .rodata            const    0x0000db64    0x14  gpio.o [1]
  .rodata            const    0x0000db78    0x14  gpio.o [1]
  .rodata            const    0x0000db8c    0x10  oled.o [1]
  .text              ro code  0x0000db9c    0x10  startup_MK60D10.o [1]
  .rodata            const    0x0000dbac     0xc  ftm.o [1]
  .rodata            const    0x0000dbb8     0xc  ftm.o [1]
  .rodata            const    0x0000dbc4     0xc  lptmr.o [1]
  .rodata            const    0x0000dbd0     0xc  spi.o [1]
  .text              ro code  0x0000dbdc     0xc  cstartup_M.o [5]
  .rodata            const    0x0000dbe8     0x8  adc.o [1]
  .rodata            const    0x0000dbf0     0x8  dac.o [1]
  .rodata            const    0x0000dbf8     0x8  gpio.o [1]
  .rodata            const    0x0000dc00     0x8  oled.o [1]
  .rodata            const    0x0000dc08     0x4  dma.o [1]
  .rodata            const    0x0000dc0c     0x4  pit.o [1]
  .text              ro code  0x0000dc10     0x4  startup_MK60D10.o [1]
  .text              ro code  0x0000dc14     0x4  startup_MK60D10.o [1]
  .text              ro code  0x0000dc18     0x4  startup_MK60D10.o [1]
  .text              ro code  0x0000dc1c     0x4  startup_MK60D10.o [1]
  .text              ro code  0x0000dc20     0x4  startup_MK60D10.o [1]
  .text              ro code  0x0000dc24     0x4  startup_MK60D10.o [1]
  .text              ro code  0x0000dc28     0x4  startup_MK60D10.o [1]
  .text              ro code  0x0000dc2c     0x4  startup_MK60D10.o [1]
  .text              ro code  0x0000dc30     0x4  startup_MK60D10.o [1]
  .text              ro code  0x0000dc34     0x4  startup_MK60D10.o [1]
  .text              ro code  0x0000dc38     0x4  startup_MK60D10.o [1]
  .text              ro code  0x0000dc3c     0x4  startup_MK60D10.o [1]
  .text              ro code  0x0000dc40     0x4  startup_MK60D10.o [1]
  .text              ro code  0x0000dc44     0x4  startup_MK60D10.o [1]
  .text              ro code  0x0000dc48     0x4  startup_MK60D10.o [1]
  .text              ro code  0x0000dc4c     0x4  startup_MK60D10.o [1]
  .text              ro code  0x0000dc50     0x4  startup_MK60D10.o [1]
  .text              ro code  0x0000dc54     0x4  startup_MK60D10.o [1]
  .text              ro code  0x0000dc58     0x4  startup_MK60D10.o [1]
  .text              ro code  0x0000dc5c     0x4  startup_MK60D10.o [1]
  .text              ro code  0x0000dc60     0x4  startup_MK60D10.o [1]
  .text              ro code  0x0000dc64     0x4  startup_MK60D10.o [1]
  .text              ro code  0x0000dc68     0x4  startup_MK60D10.o [1]
  .text              ro code  0x0000dc6c     0x4  startup_MK60D10.o [1]
  .text              ro code  0x0000dc70     0x4  startup_MK60D10.o [1]
  .text              ro code  0x0000dc74     0x4  startup_MK60D10.o [1]
  .text              ro code  0x0000dc78     0x4  startup_MK60D10.o [1]
  .text              ro code  0x0000dc7c     0x4  startup_MK60D10.o [1]
  .text              ro code  0x0000dc80     0x4  startup_MK60D10.o [1]
  .text              ro code  0x0000dc84     0x4  startup_MK60D10.o [1]
  .text              ro code  0x0000dc88     0x4  startup_MK60D10.o [1]
  .text              ro code  0x0000dc8c     0x4  startup_MK60D10.o [1]
  .text              ro code  0x0000dc90     0x4  startup_MK60D10.o [1]
  .text              ro code  0x0000dc94     0x4  startup_MK60D10.o [1]
  .text              ro code  0x0000dc98     0x4  startup_MK60D10.o [1]
  .text              ro code  0x0000dc9c     0x4  startup_MK60D10.o [1]
  .text              ro code  0x0000dca0     0x4  startup_MK60D10.o [1]
  .text              ro code  0x0000dca4     0x4  startup_MK60D10.o [1]
  .text              ro code  0x0000dca8     0x4  startup_MK60D10.o [1]
  .text              ro code  0x0000dcac     0x4  startup_MK60D10.o [1]
  .text              ro code  0x0000dcb0     0x4  startup_MK60D10.o [1]
  .text              ro code  0x0000dcb4     0x4  startup_MK60D10.o [1]
  .text              ro code  0x0000dcb8     0x4  startup_MK60D10.o [1]
  .text              ro code  0x0000dcbc     0x4  startup_MK60D10.o [1]
  .text              ro code  0x0000dcc0     0x4  startup_MK60D10.o [1]
  .text              ro code  0x0000dcc4     0x4  startup_MK60D10.o [1]
  .text              ro code  0x0000dcc8     0x4  startup_MK60D10.o [1]
  .text              ro code  0x0000dccc     0x4  startup_MK60D10.o [1]
  .text              ro code  0x0000dcd0     0x4  startup_MK60D10.o [1]
  .text              ro code  0x0000dcd4     0x4  startup_MK60D10.o [1]
  .text              ro code  0x0000dcd8     0x4  startup_MK60D10.o [1]
  .text              ro code  0x0000dcdc     0x4  startup_MK60D10.o [1]
  .text              ro code  0x0000dce0     0x4  startup_MK60D10.o [1]
  .text              ro code  0x0000dce4     0x4  startup_MK60D10.o [1]
  .text              ro code  0x0000dce8     0x4  startup_MK60D10.o [1]
  .text              ro code  0x0000dcec     0x4  startup_MK60D10.o [1]
  .text              ro code  0x0000dcf0     0x4  startup_MK60D10.o [1]
  .text              ro code  0x0000dcf4     0x4  startup_MK60D10.o [1]
  .text              ro code  0x0000dcf8     0x4  startup_MK60D10.o [1]
  .text              ro code  0x0000dcfc     0x4  startup_MK60D10.o [1]
  .text              ro code  0x0000dd00     0x4  startup_MK60D10.o [1]
  .text              ro code  0x0000dd04     0x4  startup_MK60D10.o [1]
  .text              ro code  0x0000dd08     0x4  startup_MK60D10.o [1]
  .rodata            const    0x0000dd0c     0x0  zero_init3.o [5]
  .rodata            const    0x0000dd0c     0x0  copy_init3.o [5]
  Initializer bytes  const    0x0000dd0c    0xb0  <for P3 s0>
                            - 0x0000ddbc  0xd9ac

"P3", part 1 of 3:                          0xb0
  P3 s0                       0x1fff0000    0xb0  <Init block>
    .data            inited   0x1fff0000    0xa0  img_processing.o [1]
    .data            inited   0x1fff00a0     0x4  main.o [1]
    .data            inited   0x1fff00a4     0x4  system_MK60D10.o [1]
    .data            inited   0x1fff00a8     0x2  main.o [1]
    .data            inited   0x1fff00aa     0x2  main.o [1]
    .data            inited   0x1fff00ac     0x1  uart.o [1]
                            - 0x1fff00b0    0xb0

"P3", part 2 of 3:                        0x4160
  .bss               zero     0x1fff00b0  0x1db0  varieble.o [1]
  .bss               zero     0x1fff1e60  0x1db0  varieble.o [1]
  .bss               zero     0x1fff3c10   0x400  oled.o [1]
  .bss               zero     0x1fff4010    0x40  dma.o [1]
  .bss               zero     0x1fff4050    0x34  varieble.o [1]
  .bss               zero     0x1fff4084    0x34  varieble.o [1]
  .bss               zero     0x1fff40b8    0x34  varieble.o [1]
  .bss               zero     0x1fff40ec    0x20  main.o [1]
  .bss               zero     0x1fff410c    0x20  main.o [1]
  .bss               zero     0x1fff412c    0x18  uart.o [1]
  .bss               zero     0x1fff4144    0x18  uart.o [1]
  .bss               zero     0x1fff415c    0x14  gpio.o [1]
  .bss               zero     0x1fff4170    0x10  pit.o [1]
  .bss               zero     0x1fff4180     0xc  ftm.o [1]
  .bss               zero     0x1fff418c     0xc  spi.o [1]
  .bss               zero     0x1fff4198     0x8  adc.o [1]
  .bss               zero     0x1fff41a0     0x8  can.o [1]
  .bss               zero     0x1fff41a8     0x8  dac.o [1]
  .bss               zero     0x1fff41b0     0x4  enet.o [1]
  .bss               zero     0x1fff41b4     0x4  enet.o [1]
  .bss               zero     0x1fff41b8     0x4  lptmr.o [1]
  .bss               zero     0x1fff41bc     0x4  main.o [1]
  .bss               zero     0x1fff41c0     0x4  main.o [1]
  .bss               zero     0x1fff41c4     0x4  main.o [1]
  .bss               zero     0x1fff41c8     0x4  main.o [1]
  .bss               zero     0x1fff41cc     0x4  main.o [1]
  .bss               zero     0x1fff41d0     0x4  main.o [1]
  .bss               zero     0x1fff41d4     0x4  main.o [1]
  .bss               zero     0x1fff41d8     0x4  main.o [1]
  .bss               zero     0x1fff41dc     0x4  pdb.o [1]
  .bss               zero     0x1fff41e0     0x4  pit.o [1]
  .bss               zero     0x1fff41e4     0x4  rtc.o [1]
  .bss               zero     0x1fff41e8     0x4  systick.o [1]
  .bss               zero     0x1fff41ec     0x4  systick.o [1]
  .bss               zero     0x1fff41f0     0x4  tsi.o [1]
  .bss               zero     0x1fff41f4     0x4  varieble.o [1]
  .bss               zero     0x1fff41f8     0x4  varieble.o [1]
  .bss               zero     0x1fff41fc     0x4  wdog.o [1]
  .bss               zero     0x1fff4200     0x2  isr.o [1]
  .bss               zero     0x1fff4202     0x2  main.o [1]
  .bss               zero     0x1fff4204     0x2  main.o [1]
  .bss               zero     0x1fff4206     0x2  main.o [1]
  .bss               zero     0x1fff4208     0x2  varieble.o [1]
  .bss               zero     0x1fff420a     0x1  main.o [1]
  .bss               zero     0x1fff420b     0x1  main.o [1]
  .bss               zero     0x1fff420c     0x1  uart.o [1]
                            - 0x1fff420d  0x415d

"P3", part 3 of 3:                        0x2000
  CSTACK                      0x1fff4210  0x2000  <Block>
    CSTACK           uninit   0x1fff4210  0x2000  <Block tail>
                            - 0x1fff6210  0x2000


*******************************************************************************
*** INIT TABLE
***

          Address     Size
          -------     ----
Zero (__iar_zero_init3)
    1 destination range, total size 0x415d:
          0x1fff00b0  0x415d

Copy (__iar_copy_init3)
    1 source range, total size 0xb0 (101% of destination):
          0x0000dd0c    0xb0
    1 destination range, total size 0xad:
          0x1fff0000    0xad



*******************************************************************************
*** MODULE SUMMARY
***

    Module             ro code  ro data  rw data
    ------             -------  -------  -------
C:\Users\jzwdq\Desktop\O\SmartC\Camera_K60_Demo_2020\Debug\Obj: [1]
    DEV_SCCB.o             426
    adc.o                1 364       32        8
    can.o                   48                 8
    common.o               114
    dac.o                  148        8        8
    dma.o                  808        4       64
    enet.o                  72                 8
    ftm.o                3 274       60       12
    gpio.o               1 458       68       20
    img_processing.o       688      160      160
    init.o                 788
    isr.o                  160                 2
    lptmr.o                400       12        4
    main.o               1 428        8      112
    oled.o               1 328   35 452    1 024
    pdb.o                   40                 4
    pid.o                  142
    pit.o                  412        4       20
    rtc.o                   88                 4
    spi.o                   82       12       12
    startup_MK60D10.o    1 308
    system_MK60D10.o       572        4        4
    systick.o              180                 8
    tsi.o                   52                 4
    uart.o               1 352       97       50
    varieble.o                            15 366
    wdog.o                  40                 4
    --------------------------------------------
    Total:              16 772   35 921   16 906

command line: [2]
    --------------------------------------------
    Total:

dl7M_tlf.a: [3]
    exit.o                   4
    low_level_init.o         4
    --------------------------------------------
    Total:                   8

m7M_tl.a: [4]
    DblAdd.o               360
    DblDiv.o               582
    DblMul.o               418
    DblSub.o               226
    DblToFlt.o             104
    DblToS32.o              58
    FltAdd.o               226
    FltCmpEq.o              28
    FltCmpLe.o              36
    FltDiv.o               252
    FltMul.o               216
    FltSub.o               128
    FltToDbl.o              72
    FltToS32.o              42
    S32ToDbl.o              34
    S32ToFlt.o              36
    U32ToFlt.o              28
    sqrt.o                 242
    tan32.o                520
    --------------------------------------------
    Total:               3 608

rt7M_tl.a: [5]
    ABImemclr.o              6
    ABImemclr4.o             6
    ABImemset.o             94
    ABImemset48.o           50
    cexit.o                 10
    cmain.o                 30
    copy_init3.o            44
    cstartup_M.o            12
    data_init.o             40
    zero_init3.o            64
    --------------------------------------------
    Total:                 356

shb_l.a: [6]
    exit.o                  20
    --------------------------------------------
    Total:                  20

    Gaps                    34        6
    Linker created                   39    8 192
------------------------------------------------
    Grand Total:        20 798   35 966   25 098


*******************************************************************************
*** ENTRY LIST
***

Entry                      Address    Size  Type      Object
-----                      -------    ----  ----      ------
.iar.init_table$$Base   0x0000dab4           --   Gb  - Linker created -
.iar.init_table$$Limit  0x0000dad8           --   Gb  - Linker created -
?main                   0x0000dad9          Code  Gb  cmain.o [5]
ADC0_IRQHandler         0x0000bf59    0x12  Code  Gb  adc.o [1]
ADC1_IRQHandler         0x0000bf6b    0x12  Code  Gb  adc.o [1]
ADC_Calibration         0x0000ba39   0x124  Code  Gb  adc.o [1]
ADC_CallBackTable       0x1fff4198     0x8  Data  Lc  adc.o [1]
ADC_ChlMuxConfig        0x0000bf27    0x32  Code  Gb  adc.o [1]
ADC_Init                0x0000bb5d   0x32c  Code  Gb  adc.o [1]
ADC_InstanceTable       0x0000dbe8     0x8  Data  Lc  adc.o [1]
ADC_QuickInit           0x0000be89    0x9e  Code  Gb  adc.o [1]
CAN0_ORed_Message_buffer_IRQHandler
                        0x0000d9d9     0xa  Code  Gb  can.o [1]
CAN1_ORed_Message_buffer_IRQHandler
                        0x0000d9e3     0xa  Code  Gb  can.o [1]
CAN_CallBackTable       0x1fff41a0     0x8  Data  Lc  can.o [1]
CAN_IRQHandler          0x0000d9bd    0x16  Code  Gb  can.o [1]
CSTACK$$Base            0x1fff4210           --   Gb  - Linker created -
CSTACK$$Limit           0x1fff6210           --   Gb  - Linker created -
ClkTbl                  0x0000d8b8    0x48  Data  Lc  uart.o [1]
DAC0_IRQHandler         0x0000d7f9     0xa  Code  Gb  dac.o [1]
DAC1_IRQHandler         0x0000d803     0xa  Code  Gb  dac.o [1]
DAC_CallBackTable       0x1fff41a8     0x8  Data  Lc  dac.o [1]
DAC_IRQHandler          0x0000d779    0x74  Code  Lc  dac.o [1]
DAC_InstanceTable       0x0000dbf0     0x8  Data  Lc  dac.o [1]
DMA0_IRQHandler         0x0000c819     0xa  Code  Gb  dma.o [1]
DMA10_IRQHandler        0x0000c87d     0xa  Code  Gb  dma.o [1]
DMA11_IRQHandler        0x0000c887     0xa  Code  Gb  dma.o [1]
DMA12_IRQHandler        0x0000c891     0xa  Code  Gb  dma.o [1]
DMA13_IRQHandler        0x0000c89b     0xa  Code  Gb  dma.o [1]
DMA14_IRQHandler        0x0000c8a5     0xa  Code  Gb  dma.o [1]
DMA15_IRQHandler        0x0000c8af     0xa  Code  Gb  dma.o [1]
DMA1_IRQHandler         0x0000c823     0xa  Code  Gb  dma.o [1]
DMA2_IRQHandler         0x0000c82d     0xa  Code  Gb  dma.o [1]
DMA3_IRQHandler         0x0000c837     0xa  Code  Gb  dma.o [1]
DMA4_IRQHandler         0x0000c841     0xa  Code  Gb  dma.o [1]
DMA5_IRQHandler         0x0000c84b     0xa  Code  Gb  dma.o [1]
DMA6_IRQHandler         0x0000c855     0xa  Code  Gb  dma.o [1]
DMA7_IRQHandler         0x0000c85f     0xa  Code  Gb  dma.o [1]
DMA8_IRQHandler         0x0000c869     0xa  Code  Gb  dma.o [1]
DMA9_IRQHandler         0x0000c873     0xa  Code  Gb  dma.o [1]
DMAMUX_InstanceTable    0x0000dc08     0x4  Data  Lc  dma.o [1]
DMA_CallBackTable       0x1fff4010    0x40  Data  Lc  dma.o [1]
DMA_DisableRequest      0x0000c7bf     0xa  Code  Gb  dma.o [1]
DMA_EnableRequest       0x0000c7b5     0xa  Code  Gb  dma.o [1]
DMA_IRQHandler          0x0000c7d5    0x1e  Code  Lc  dma.o [1]
DMA_Init                0x0000c591   0x224  Code  Gb  dma.o [1]
DMA_SetDestAddress      0x0000c7c9     0xc  Code  Gb  dma.o [1]
Dly_ms_200M             0x0000af0b    0x2a  Code  Gb  oled.o [1]
ENET_CallBackRxTable    0x1fff41b4     0x4  Data  Lc  enet.o [1]
ENET_CallBackTxTable    0x1fff41b0     0x4  Data  Lc  enet.o [1]
ENET_Receive_IRQHandler
                        0x0000d91f    0x1e  Code  Gb  enet.o [1]
ENET_Transmit_IRQHandler
                        0x0000d901    0x1e  Code  Gb  enet.o [1]
FTM0_IRQHandler         0x000090bd     0xa  Code  Gb  ftm.o [1]
FTM1_IRQHandler         0x000090c7     0xa  Code  Gb  ftm.o [1]
FTM2_IRQHandler         0x000090d1     0xa  Code  Gb  ftm.o [1]
FTM_CallBackTable       0x1fff4180     0xc  Data  Lc  ftm.o [1]
FTM_ChlMaxTable         0x0000dbb8     0xc  Data  Lc  ftm.o [1]
FTM_DualChlConfig       0x000086a7    0xc6  Code  Lc  ftm.o [1]
FTM_IRQHandler          0x00009035    0x78  Code  Gb  ftm.o [1]
FTM_InstanceTable       0x0000dbac     0xc  Data  Lc  ftm.o [1]
FTM_PWM_ChangeDuty      0x00008f7f    0xac  Code  Gb  ftm.o [1]
FTM_PWM_InvertPolarity  0x00008cb5    0xb0  Code  Gb  ftm.o [1]
FTM_PWM_QuickInit       0x00008d65   0x21a  Code  Gb  ftm.o [1]
FTM_QD_ClearCount       0x0000865b     0xe  Code  Gb  ftm.o [1]
FTM_QD_GetData          0x0000863b    0x20  Code  Gb  ftm.o [1]
FTM_QD_QuickInit        0x00008499   0x1a2  Code  Gb  ftm.o [1]
FTM_SetMode             0x0000876d   0x548  Code  Lc  ftm.o [1]
GPIO_CallBackTable      0x1fff415c    0x14  Data  Lc  gpio.o [1]
GPIO_CallbackInstall    0x000095ef    0x1e  Code  Gb  gpio.o [1]
GPIO_IRQnTable          0x0000dbf8     0x8  Data  Lc  gpio.o [1]
GPIO_ISR                0x0000d6d9    0xa0  Code  Gb  isr.o [1]
GPIO_ITDMAConfig        0x00009463   0x18c  Code  Gb  gpio.o [1]
GPIO_Init               0x00009315    0xe4  Code  Gb  gpio.o [1]
GPIO_InstanceTable      0x0000db50    0x14  Data  Lc  gpio.o [1]
GPIO_PinConfig          0x000092b7    0x5e  Code  Gb  gpio.o [1]
GPIO_QuickInit          0x000093f9    0x1c  Code  Gb  gpio.o [1]
GPIO_WriteBit           0x00009415    0x4e  Code  Gb  gpio.o [1]
GetClock                0x00009691    0x60  Code  Gb  common.o [1]
H_Cnt                   0x1fff4208     0x2  Data  Gb  varieble.o [1]
LPLD_SCCB_Delay         0x0000ca55     0xe  Code  Lc  DEV_SCCB.o [1]
LPLD_SCCB_SendByte      0x0000c9f1    0x52  Code  Lc  DEV_SCCB.o [1]
LPLD_SCCB_Start         0x0000c901    0x6a  Code  Lc  DEV_SCCB.o [1]
LPLD_SCCB_Stop          0x0000c96b    0x2c  Code  Lc  DEV_SCCB.o [1]
LPLD_SCCB_WaitAck       0x0000c997    0x5a  Code  Lc  DEV_SCCB.o [1]
LPLD_SCCB_WriteReg      0x0000c8b9    0x48  Code  Gb  DEV_SCCB.o [1]
LPTMR_CallBackTable     0x1fff41b8     0x4  Data  Lc  lptmr.o [1]
LPTMR_ClearCounter      0x0000a919    0x1a  Code  Gb  lptmr.o [1]
LPTMR_PC_Init           0x0000a7d9    0xbe  Code  Gb  lptmr.o [1]
LPTMR_PC_QuickInit      0x0000a8a7    0x72  Code  Gb  lptmr.o [1]
LPTMR_PC_ReadCounter    0x0000a897    0x10  Code  Gb  lptmr.o [1]
LPTimer_IRQHandler      0x0000a933    0x1e  Code  Gb  lptmr.o [1]
LeftCadence             0x1fff4204     0x2  Data  Gb  main.o [1]
LeftDir                 0x1fff420b     0x1  Data  Gb  main.o [1]
Left_Motor              0x1fff40ec    0x20  Data  Gb  main.o [1]
Left_duty               0x1fff00a8     0x2  Data  Gb  main.o [1]
Lx                      0x1fff4050    0x34  Data  Gb  varieble.o [1]
Midx                    0x1fff40b8    0x34  Data  Gb  varieble.o [1]
NMI_Handler             0x000096f9     0x8  Code  Gb  common.o [1]
NVIC_DisableIRQ         0x000090f3    0x16  Code  Lc  gpio.o [1]
NVIC_EnableIRQ          0x000090dd    0x16  Code  Lc  gpio.o [1]
NVIC_EnableIRQ          0x0000a9f9    0x14  Code  Lc  pit.o [1]
OLED_Clear              0x0000ac69    0x38  Code  Gb  oled.o [1]
OLED_DrawPoint          0x0000aca1    0x8c  Code  Gb  oled.o [1]
OLED_GRAM               0x1fff3c10   0x400  Data  Gb  oled.o [1]
OLED_Init               0x0000af35    0xfa  Code  Gb  oled.o [1]
OLED_Refresh_Gram       0x0000ac09    0x60  Code  Gb  oled.o [1]
OLED_ShowChar           0x0000ad2d    0xca  Code  Gb  oled.o [1]
OLED_ShowNum_1206       0x0000ae53    0xb8  Code  Gb  oled.o [1]
OLED_ShowString_1206    0x0000ae25    0x2e  Code  Gb  oled.o [1]
OLED_ShowString_1608    0x0000adf7    0x2e  Code  Gb  oled.o [1]
OLED_WR_Byte            0x0000abb1    0x58  Code  Gb  oled.o [1]
OLED_Welcome            0x0000b02f    0x7e  Code  Gb  oled.o [1]
PDB0_IRQHandler         0x0000da19    0x1e  Code  Gb  pdb.o [1]
PDB_CallBackTable       0x1fff41dc     0x4  Data  Lc  pdb.o [1]
PID_Ctrl                0x0000a98f    0x68  Code  Gb  pid.o [1]
PID_Init                0x0000a969    0x26  Code  Gb  pid.o [1]
PIT0_IRQHandler         0x0000ab6d     0xa  Code  Gb  pit.o [1]
PIT1_IRQHandler         0x0000ab77     0xa  Code  Gb  pit.o [1]
PIT2_IRQHandler         0x0000ab81     0xa  Code  Gb  pit.o [1]
PIT3_IRQHandler         0x0000ab8b     0xa  Code  Gb  pit.o [1]
PIT_CallBackTable       0x1fff4170    0x10  Data  Lc  pit.o [1]
PIT_CallbackInstall     0x0000ab05    0x1c  Code  Gb  pit.o [1]
PIT_IRQHandler          0x0000ab21    0x2a  Code  Lc  pit.o [1]
PIT_IRQnTable           0x0000dc0c     0x4  Data  Lc  pit.o [1]
PIT_ITDMAConfig         0x0000aa7b    0x8a  Code  Gb  pit.o [1]
PIT_Init                0x0000aa0d    0x5e  Code  Gb  pit.o [1]
PIT_QuickInit           0x0000aa6b    0x10  Code  Gb  pit.o [1]
PORTA_IRQHandler        0x0000965d     0xa  Code  Gb  gpio.o [1]
PORTB_IRQHandler        0x00009667     0xa  Code  Gb  gpio.o [1]
PORTC_IRQHandler        0x00009671     0xa  Code  Gb  gpio.o [1]
PORTD_IRQHandler        0x0000967b     0xa  Code  Gb  gpio.o [1]
PORTE_IRQHandler        0x00009685     0xa  Code  Gb  gpio.o [1]
PORT_IRQHandler         0x0000960d    0x30  Code  Lc  gpio.o [1]
PORT_InstanceTable      0x0000db64    0x14  Data  Lc  gpio.o [1]
PORT_PinMuxConfig       0x00009109    0x68  Code  Gb  gpio.o [1]
PORT_PinOpenDrainConfig
                        0x0000924f    0x68  Code  Gb  gpio.o [1]
PORT_PinPullConfig      0x00009171    0xde  Code  Gb  gpio.o [1]
RTC_CallBackTable       0x1fff41e4     0x4  Data  Lc  rtc.o [1]
RTC_IRQHandler          0x0000d80d    0x42  Code  Gb  rtc.o [1]
Region$$Table$$Base     0x0000dab4           --   Gb  - Linker created -
Region$$Table$$Limit    0x0000dad8           --   Gb  - Linker created -
RightCadence            0x1fff4202     0x2  Data  Gb  main.o [1]
RightDir                0x1fff420a     0x1  Data  Gb  main.o [1]
Right_Motor             0x1fff410c    0x20  Data  Gb  main.o [1]
Right_duty              0x1fff00aa     0x2  Data  Gb  main.o [1]
Rx                      0x1fff4084    0x34  Data  Gb  varieble.o [1]
SIM_ADCClockGateTable   0x0000db20    0x18  Data  Lc  adc.o [1]
SIM_FTMClockGateTable   0x0000da90    0x24  Data  Lc  ftm.o [1]
SIM_GPIOClockGateTable  0x0000db78    0x14  Data  Lc  gpio.o [1]
SIM_LPTMRClockGateTable
                        0x0000dbc4     0xc  Data  Lc  lptmr.o [1]
SPI0_IRQHandler         0x0000d899     0xa  Code  Gb  spi.o [1]
SPI1_IRQHandler         0x0000d8a3     0xa  Code  Gb  spi.o [1]
SPI2_IRQHandler         0x0000d8ad     0xa  Code  Gb  spi.o [1]
SPI_CallBackTable       0x1fff418c     0xc  Data  Lc  spi.o [1]
SPI_IRQHandler          0x0000d865    0x2a  Code  Lc  spi.o [1]
SPI_InstanceTable       0x0000dbd0     0xc  Data  Gb  spi.o [1]
SYSTICK_Cmd             0x0000c531    0x22  Code  Gb  systick.o [1]
SYSTICK_DelayInit       0x0000c519    0x18  Code  Gb  systick.o [1]
SYSTICK_ITConfig        0x0000c553    0x22  Code  Gb  systick.o [1]
SYSTICK_Init            0x0000c4d5    0x44  Code  Gb  systick.o [1]
Speed_Measure           0x0000a2bd   0x172  Code  Gb  main.o [1]
SystemCoreClock         0x1fff00a4     0x4  Data  Gb  system_MK60D10.o [1]
SystemCoreClockUpdate   0x000097b5   0x142  Code  Gb  system_MK60D10.o [1]
SystemInit              0x00009701    0xb4  Code  Gb  system_MK60D10.o [1]
TSI0_IRQHandler         0x0000d989    0x2a  Code  Gb  tsi.o [1]
TSI_CallBackTable       0x1fff41f0     0x4  Data  Lc  tsi.o [1]
Tarspeed                0x1fff4206     0x2  Data  Gb  main.o [1]
UART0_RX_TX_IRQHandler  0x0000c499     0xa  Code  Gb  uart.o [1]
UART1_RX_TX_IRQHandler  0x0000c4a3     0xa  Code  Gb  uart.o [1]
UART2_RX_TX_IRQHandler  0x0000c4ad     0xa  Code  Gb  uart.o [1]
UART3_RX_TX_IRQHandler  0x0000c4b7     0xa  Code  Gb  uart.o [1]
UART4_RX_TX_IRQHandler  0x0000c4c1     0xa  Code  Gb  uart.o [1]
UART5_RX_TX_IRQHandler  0x0000c4cb     0xa  Code  Gb  uart.o [1]
UARTBase                0x0000db38    0x18  Data  Lc  uart.o [1]
UART_CallBackRxTable    0x1fff4144    0x18  Data  Lc  uart.o [1]
UART_CallBackTxTable    0x1fff412c    0x18  Data  Lc  uart.o [1]
UART_DebugInstance      0x1fff420c     0x1  Data  Lc  uart.o [1]
UART_EnableRxFIFO       0x0000c311    0x3e  Code  Gb  uart.o [1]
UART_EnableTxFIFO       0x0000c2d3    0x3e  Code  Gb  uart.o [1]
UART_IRQ_Handler        0x0000c3c7    0xba  Code  Lc  uart.o [1]
UART_Init               0x0000bf8d   0x346  Code  Gb  uart.o [1]
UART_Init::is_fitst_init
                        0x1fff00ac     0x1  Data  Lc  uart.o [1]
UART_QuickInit          0x0000c34f    0x78  Code  Gb  uart.o [1]
V_Cnt                   0x1fff41f4     0x4  Data  Gb  varieble.o [1]
WDOG_CallBackTable      0x1fff41fc     0x4  Data  Lc  wdog.o [1]
Watchdog_IRQHandler     0x0000da41    0x1e  Code  Gb  wdog.o [1]
_FTM_InitBasic          0x00008411    0x88  Code  Lc  ftm.o [1]
__Vectors               0x00000000           --   Gb  startup_MK60D10.o [1]
__Vectors_End           0x00000400          Data  Gb  startup_MK60D10.o [1]
__Vectors_Size {Abs}    0x00000400           --   Gb  startup_MK60D10.o [1]
__aeabi_cfcmpeq         0x0000ce39          Code  Gb  FltCmpEq.o [4]
__aeabi_cfcmple         0x0000d1ad          Code  Gb  FltCmpLe.o [4]
__aeabi_d2f             0x0000b7c9          Code  Gb  DblToFlt.o [4]
__aeabi_d2iz            0x0000b78d          Code  Gb  DblToS32.o [4]
__aeabi_ddiv            0x0000cbf1          Code  Gb  DblDiv.o [4]
__aeabi_dmul            0x0000b4bd          Code  Gb  DblMul.o [4]
__aeabi_dsub            0x0000b6a9          Code  Gb  DblSub.o [4]
__aeabi_f2d             0x0000b661          Code  Gb  FltToDbl.o [4]
__aeabi_f2iz            0x0000cbbd          Code  Gb  FltToS32.o [4]
__aeabi_fadd            0x0000b3b5          Code  Gb  FltAdd.o [4]
__aeabi_fdiv            0x0000cf49          Code  Gb  FltDiv.o [4]
__aeabi_fmul            0x0000cae5          Code  Gb  FltMul.o [4]
__aeabi_fsub            0x0000ca65          Code  Gb  FltSub.o [4]
__aeabi_i2d             0x0000b499          Code  Gb  S32ToDbl.o [4]
__aeabi_i2f             0x0000b391          Code  Gb  S32ToFlt.o [4]
__aeabi_memclr          0x0000cbe9          Code  Gb  ABImemclr.o [5]
__aeabi_memclr4         0x0000c589          Code  Gb  ABImemclr4.o [5]
__aeabi_ui2f            0x0000ab95          Code  Gb  U32ToFlt.o [4]
__cmain                 0x0000dad9          Code  Gb  cmain.o [5]
__exit                  0x0000db0d    0x14  Code  Gb  exit.o [6]
__iar_Memset4_word      0x0000d1d1          Code  Gb  ABImemset48.o [5]
__iar_Memset8_word      0x0000d1d1          Code  Gb  ABImemset48.o [5]
__iar_Memset_word       0x0000d205          Code  Gb  ABImemset.o [5]
__iar_copy_init3        0x0000d9ed    0x2c  Code  Gb  copy_init3.o [5]
__iar_dadd              0x0000b6b9          Code  Gb  DblSub.o [4]
__iar_data_init3        0x0000da69    0x28  Code  Gb  data_init.o [5]
__iar_dsub              0x0000d045          Code  Gb  DblAdd.o [4]
__iar_dsubStart         0x0000d057          Code  Gb  DblAdd.o [4]
__iar_fadd              0x0000ca71          Code  Gb  FltSub.o [4]
__iar_fsub              0x0000b3c1          Code  Gb  FltAdd.o [4]
__iar_fsubStart         0x0000b3d1          Code  Gb  FltAdd.o [4]
__iar_program_start     0x0000dbdd          Code  Gb  cstartup_M.o [5]
__iar_sqrt64            0x0000ce55          Code  Gb  sqrt.o [4]
__iar_systems$$module {Abs}
                        0x00000001          Data  Gb  command line/config [2]
__iar_tan32             0x0000b831   0x208  Code  Gb  tan32.o [4]
__iar_tan_medium32      0x0000b831   0x208  Code  Gb  tan32.o [4]
__iar_tan_mediumf       0x0000b831   0x208  Code  Gb  tan32.o [4]
__iar_zero_init3        0x0000d949    0x40  Code  Gb  zero_init3.o [5]
__low_level_init        0x0000daf7     0x4  Code  Gb  low_level_init.o [3]
__vector_table          0x00000000          Data  Gb  startup_MK60D10.o [1]
_call_main              0x0000dae5          Code  Gb  cmain.o [5]
_exit                   0x0000db01          Code  Gb  cexit.o [5]
_main                   0x0000daf3          Code  Gb  cmain.o [5]
asc2_1206               0x0000d264   0x474  Data  Gb  oled.o [1]
asc2_1608               0x00009940   0x5f0  Data  Gb  oled.o [1]
cur_park                0x1fff41d0     0x4  Data  Gb  main.o [1]
curv                    0x1fff41bc     0x4  Data  Gb  main.o [1]
curvature               0x0000b1ff   0x176  Code  Gb  img_processing.o [1]
degree_calculation      0x0000a147   0x13e  Code  Gb  main.o [1]
dif                     0x1fff41cc     0x4  Data  Gb  main.o [1]
dispimage               0x0000b19b    0x64  Code  Gb  img_processing.o [1]
display_col             0x1fff0000    0xa0  Data  Gb  img_processing.o [1]
exit                    0x0000dafb     0x4  Code  Gb  exit.o [3]
fac_ms                  0x1fff41ec     0x4  Data  Lc  systick.o [1]
fac_us                  0x1fff41e0     0x4  Data  Lc  pit.o [1]
fac_us                  0x1fff41e8     0x4  Data  Lc  systick.o [1]
flag_in                 0x1fff41d8     0x4  Data  Gb  main.o [1]
get_chl_pair_index      0x00008669    0x3e  Code  Lc  ftm.o [1]
img1                    0x1fff00b0  0x1db0  Data  Gb  varieble.o [1]
img2                    0x1fff1e60  0x1db0  Data  Gb  varieble.o [1]
imgadd                  0x1fff41f8     0x4  Data  Gb  varieble.o [1]
init                    0x0000a4c5   0x214  Code  Gb  init.o [1]
init_ov7620             0x0000a6d9    0xca  Code  Gb  init.o [1]
init_steer              0x0000a7c5    0x14  Code  Gb  init.o [1]
k                       0x1fff41c0     0x4  Data  Gb  main.o [1]
main                    0x00009f31   0x216  Code  Gb  main.o [1]
motor                   0x1fff41c4     0x4  Data  Gb  main.o [1]
park                    0x0000a285    0x38  Code  Gb  main.o [1]
pre_park                0x1fff41d4     0x4  Data  Gb  main.o [1]
searchline_OV7620       0x0000b0e1    0xba  Code  Gb  img_processing.o [1]
sqrt                    0x0000ce55          Code  Gb  sqrt.o [4]
sqrtl                   0x0000ce55          Code  Gb  sqrt.o [4]
startline               0x1fff00a0     0x4  Data  Gb  main.o [1]
tanf                    0x0000b831   0x208  Code  Gb  tan32.o [4]
theta                   0x1fff41c8     0x4  Data  Gb  main.o [1]
vsync                   0x1fff4200     0x2  Data  Gb  isr.o [1]
welcome                 0x00000410  0x8000  Data  Gb  oled.o [1]


[1] = C:\Users\jzwdq\Desktop\O\SmartC\Camera_K60_Demo_2020\Debug\Obj
[2] = command line
[3] = dl7M_tlf.a
[4] = m7M_tl.a
[5] = rt7M_tl.a
[6] = shb_l.a

  20 798 bytes of readonly  code memory
  35 966 bytes of readonly  data memory
  25 098 bytes of readwrite data memory

Errors: none
Warnings: none
