###############################################################################
#
# IAR ELF Linker V8.22.1.15669/W32 for ARM                19/Dec/2020  16:48:11
# Copyright 2007-2018 IAR Systems AB.
#
#    Output file  =  
#        C:\Users\jzwdq\Desktop\O\SmartC\Camera_K60_Demo_2020\Debug\Exe\seusmarter.out
#    Map file     =  
#        C:\Users\jzwdq\Desktop\O\SmartC\Camera_K60_Demo_2020\Debug\List\seusmarter.map
#    Command line =  
#        -f C:\Users\jzwdq\AppData\Local\Temp\EW750D.tmp
#        (C:\Users\jzwdq\Desktop\O\SmartC\Camera_K60_Demo_2020\Debug\Obj\adc.o
#        C:\Users\jzwdq\Desktop\O\SmartC\Camera_K60_Demo_2020\Debug\Obj\can.o
#        C:\Users\jzwdq\Desktop\O\SmartC\Camera_K60_Demo_2020\Debug\Obj\cmp.o
#        C:\Users\jzwdq\Desktop\O\SmartC\Camera_K60_Demo_2020\Debug\Obj\common.o
#        C:\Users\jzwdq\Desktop\O\SmartC\Camera_K60_Demo_2020\Debug\Obj\cpuidy.o
#        C:\Users\jzwdq\Desktop\O\SmartC\Camera_K60_Demo_2020\Debug\Obj\crc.o
#        C:\Users\jzwdq\Desktop\O\SmartC\Camera_K60_Demo_2020\Debug\Obj\dac.o
#        C:\Users\jzwdq\Desktop\O\SmartC\Camera_K60_Demo_2020\Debug\Obj\DEV_SCCB.o
#        C:\Users\jzwdq\Desktop\O\SmartC\Camera_K60_Demo_2020\Debug\Obj\dma.o
#        C:\Users\jzwdq\Desktop\O\SmartC\Camera_K60_Demo_2020\Debug\Obj\enet.o
#        C:\Users\jzwdq\Desktop\O\SmartC\Camera_K60_Demo_2020\Debug\Obj\flash.o
#        C:\Users\jzwdq\Desktop\O\SmartC\Camera_K60_Demo_2020\Debug\Obj\flexbus.o
#        C:\Users\jzwdq\Desktop\O\SmartC\Camera_K60_Demo_2020\Debug\Obj\ftm.o
#        C:\Users\jzwdq\Desktop\O\SmartC\Camera_K60_Demo_2020\Debug\Obj\gpio.o
#        C:\Users\jzwdq\Desktop\O\SmartC\Camera_K60_Demo_2020\Debug\Obj\gui.o
#        C:\Users\jzwdq\Desktop\O\SmartC\Camera_K60_Demo_2020\Debug\Obj\i2c.o
#        C:\Users\jzwdq\Desktop\O\SmartC\Camera_K60_Demo_2020\Debug\Obj\i2s.o
#        C:\Users\jzwdq\Desktop\O\SmartC\Camera_K60_Demo_2020\Debug\Obj\img_processing.o
#        C:\Users\jzwdq\Desktop\O\SmartC\Camera_K60_Demo_2020\Debug\Obj\init.o
#        C:\Users\jzwdq\Desktop\O\SmartC\Camera_K60_Demo_2020\Debug\Obj\isr.o
#        C:\Users\jzwdq\Desktop\O\SmartC\Camera_K60_Demo_2020\Debug\Obj\lptmr.o
#        C:\Users\jzwdq\Desktop\O\SmartC\Camera_K60_Demo_2020\Debug\Obj\main.o
#        C:\Users\jzwdq\Desktop\O\SmartC\Camera_K60_Demo_2020\Debug\Obj\nfc.o
#        C:\Users\jzwdq\Desktop\O\SmartC\Camera_K60_Demo_2020\Debug\Obj\oled.o
#        C:\Users\jzwdq\Desktop\O\SmartC\Camera_K60_Demo_2020\Debug\Obj\pdb.o
#        C:\Users\jzwdq\Desktop\O\SmartC\Camera_K60_Demo_2020\Debug\Obj\pit.o
#        C:\Users\jzwdq\Desktop\O\SmartC\Camera_K60_Demo_2020\Debug\Obj\rtc.o
#        C:\Users\jzwdq\Desktop\O\SmartC\Camera_K60_Demo_2020\Debug\Obj\sd.o
#        C:\Users\jzwdq\Desktop\O\SmartC\Camera_K60_Demo_2020\Debug\Obj\spi.o
#        C:\Users\jzwdq\Desktop\O\SmartC\Camera_K60_Demo_2020\Debug\Obj\startup_MK60D10.o
#        C:\Users\jzwdq\Desktop\O\SmartC\Camera_K60_Demo_2020\Debug\Obj\sysinit.o
#        C:\Users\jzwdq\Desktop\O\SmartC\Camera_K60_Demo_2020\Debug\Obj\system_MK60D10.o
#        C:\Users\jzwdq\Desktop\O\SmartC\Camera_K60_Demo_2020\Debug\Obj\systick.o
#        C:\Users\jzwdq\Desktop\O\SmartC\Camera_K60_Demo_2020\Debug\Obj\tsi.o
#        C:\Users\jzwdq\Desktop\O\SmartC\Camera_K60_Demo_2020\Debug\Obj\uart.o
#        C:\Users\jzwdq\Desktop\O\SmartC\Camera_K60_Demo_2020\Debug\Obj\upper_monitor.o
#        C:\Users\jzwdq\Desktop\O\SmartC\Camera_K60_Demo_2020\Debug\Obj\varieble.o
#        C:\Users\jzwdq\Desktop\O\SmartC\Camera_K60_Demo_2020\Debug\Obj\vref.o
#        C:\Users\jzwdq\Desktop\O\SmartC\Camera_K60_Demo_2020\Debug\Obj\wdog.o
#        -o
#        C:\Users\jzwdq\Desktop\O\SmartC\Camera_K60_Demo_2020\Debug\Exe\seusmarter.out
#        --redirect _Printf=_PrintfFullNoMb --redirect _Scanf=_ScanfFullNoMb
#        --map
#        C:\Users\jzwdq\Desktop\O\SmartC\Camera_K60_Demo_2020\Debug\List\seusmarter.map
#        --config "C:\Program Files (x86)\IAR Systems\Embedded Workbench
#        8.0\arm\config\linker\NXP\MK60xN512_10.icf" --semihosting --entry
#        __iar_program_start --vfe --text_out locale)
#
###############################################################################

*******************************************************************************
*** RUNTIME MODEL ATTRIBUTES
***

CppFlavor       = *
__SystemLibrary = DLib
__dlib_version  = 6


*******************************************************************************
*** HEAP SELECTION
***

The basic heap was selected because no calls to memory allocation
functions were found in the application outside of system library
functions, and there are calls to deallocation functions in the
application.


*******************************************************************************
*** PLACEMENT SUMMARY
***

"A0":  place at 0x00000000 { ro section .intvec };
"P2":  place in [from 0x00000000 to 0x000003ff] |
                [from 0x00000410 to 0x0007ffff] { ro };
define block CSTACK with size = 8K, alignment = 8 { };
define block HEAP with size = 16K, alignment = 8 { };
"P3":  place in [from 0x1fff0000 to 0x1fffffff repeat 2] {
          rw, block CSTACK, block HEAP };
initialize by copy { rw };

No sections matched the following patterns:

  section FlashConfig  in "P1"


  Section            Kind        Address    Size  Object
  -------            ----        -------    ----  ------
"A0":                                      0x410
  .intvec            ro code  0x00000000   0x410  startup_MK60D10.o [1]
                            - 0x00000410   0x410

"P2":                                     0xd3c4
  .rodata            const    0x00000410  0x8000  oled.o [1]
  .text              ro code  0x00008410   0xcca  ftm.o [1]
  .rodata            const    0x000090da     0x2  upper_monitor.o [1]
  .text              ro code  0x000090dc   0x5b2  gpio.o [1]
  .rodata            const    0x0000968e     0x2  upper_monitor.o [1]
  .text              ro code  0x00009690    0x70  common.o [1]
  .text              ro code  0x00009700   0x23c  system_MK60D10.o [1]
  .text              ro code  0x0000993c     0x2  common.o [1]
  .text              ro code  0x00009940   0x618  main.o [1]
  .text              ro code  0x00009f58   0x31c  init.o [1]
  .text              ro code  0x0000a274   0x19c  pit.o [1]
  .text              ro code  0x0000a410   0x13c  img_processing.o [1]
  .text              ro code  0x0000a54c    0xec  systick.o [1]
  .text              ro code  0x0000a638    0x24  S32ToFlt.o [4]
  .text              ro code  0x0000a65c    0x24  FltCmpGe.o [4]
  .text              ro code  0x0000a680    0x1c  U32ToFlt.o [4]
  .text              ro code  0x0000a69c   0x530  oled.o [1]
  .text              ro code  0x0000abcc    0x40  upper_monitor.o [1]
  .text              ro code  0x0000ac0c    0xe2  FltAdd.o [4]
  .text              ro code  0x0000acf0    0x22  S32ToDbl.o [4]
  .text              ro code  0x0000ad14   0x1a2  DblMul.o [4]
  .text              ro code  0x0000aeb8    0x48  FltToDbl.o [4]
  .text              ro code  0x0000af00    0xe2  DblSub.o [4]
  .text              ro code  0x0000afe4    0x3a  DblToS32.o [4]
  .text              ro code  0x0000b020    0xfc  FltDiv.o [4]
  .text              ro code  0x0000b11c    0x80  FltSub.o [4]
  .text              ro code  0x0000b19c   0x190  lptmr.o [1]
  .text              ro code  0x0000b32c   0x554  adc.o [1]
  .text              ro code  0x0000b880   0x60c  uart.o [1]
  .text              ro code  0x0000be8c     0x6  ABImemclr4.o [5]
  .text              ro code  0x0000be94   0x328  dma.o [1]
  .text              ro code  0x0000c1bc   0x1aa  DEV_SCCB.o [1]
  .text              ro code  0x0000c368     0x6  ABImemclr.o [5]
  .text              ro code  0x0000c370    0xd8  FltMul.o [4]
  .text              ro code  0x0000c448    0x2a  FltToS32.o [4]
  .text              ro code  0x0000c474   0x168  DblAdd.o [4]
  .text              ro code  0x0000c5dc    0x32  ABImemset48.o [5]
  .text              ro code  0x0000c610    0x5e  ABImemset.o [5]
  .rodata            const    0x0000c670   0x5f0  oled.o [1]
  .rodata            const    0x0000cc60   0x474  oled.o [1]
  .text              ro code  0x0000d0d4    0xa0  isr.o [1]
  .text              ro code  0x0000d174    0x94  dac.o [1]
  .text              ro code  0x0000d208    0x58  rtc.o [1]
  .text              ro code  0x0000d260    0x52  spi.o [1]
  .rodata            const    0x0000d2b4    0x48  uart.o [1]
  .text              ro code  0x0000d2fc    0x48  enet.o [1]
  .text              ro code  0x0000d344    0x40  zero_init3.o [5]
  .text              ro code  0x0000d384    0x34  tsi.o [1]
  .text              ro code  0x0000d3b8    0x30  can.o [1]
  .text              ro code  0x0000d3e8    0x2c  copy_init3.o [5]
  .text              ro code  0x0000d414    0x28  pdb.o [1]
  .text              ro code  0x0000d43c    0x28  wdog.o [1]
  .text              ro code  0x0000d464    0x28  data_init.o [5]
  .rodata            const    0x0000d48c    0x24  ftm.o [1]
  .iar.init_table    const    0x0000d4b0    0x24  - Linker created -
  .text              ro code  0x0000d4d4    0x1e  cmain.o [5]
  .text              ro code  0x0000d4f2     0x4  low_level_init.o [3]
  .text              ro code  0x0000d4f6     0x4  exit.o [3]
  .text              ro code  0x0000d4fc     0xa  cexit.o [5]
  .text              ro code  0x0000d508    0x14  exit.o [6]
  .rodata            const    0x0000d51c    0x1c  uart.o [1]
  .rodata            const    0x0000d538    0x18  adc.o [1]
  .rodata            const    0x0000d550    0x18  uart.o [1]
  .rodata            const    0x0000d568    0x14  gpio.o [1]
  .rodata            const    0x0000d57c    0x14  gpio.o [1]
  .rodata            const    0x0000d590    0x14  gpio.o [1]
  .rodata            const    0x0000d5a4    0x10  oled.o [1]
  .text              ro code  0x0000d5b4    0x10  startup_MK60D10.o [1]
  .rodata            const    0x0000d5c4     0xc  ftm.o [1]
  .rodata            const    0x0000d5d0     0xc  ftm.o [1]
  .rodata            const    0x0000d5dc     0xc  lptmr.o [1]
  .rodata            const    0x0000d5e8     0xc  spi.o [1]
  .text              ro code  0x0000d5f4     0xc  cstartup_M.o [5]
  .rodata            const    0x0000d600     0x8  adc.o [1]
  .rodata            const    0x0000d608     0x8  dac.o [1]
  .rodata            const    0x0000d610     0x8  gpio.o [1]
  .rodata            const    0x0000d618     0x8  oled.o [1]
  .rodata            const    0x0000d620     0x4  dma.o [1]
  .rodata            const    0x0000d624     0x4  pit.o [1]
  .text              ro code  0x0000d628     0x4  startup_MK60D10.o [1]
  .text              ro code  0x0000d62c     0x4  startup_MK60D10.o [1]
  .text              ro code  0x0000d630     0x4  startup_MK60D10.o [1]
  .text              ro code  0x0000d634     0x4  startup_MK60D10.o [1]
  .text              ro code  0x0000d638     0x4  startup_MK60D10.o [1]
  .text              ro code  0x0000d63c     0x4  startup_MK60D10.o [1]
  .text              ro code  0x0000d640     0x4  startup_MK60D10.o [1]
  .text              ro code  0x0000d644     0x4  startup_MK60D10.o [1]
  .text              ro code  0x0000d648     0x4  startup_MK60D10.o [1]
  .text              ro code  0x0000d64c     0x4  startup_MK60D10.o [1]
  .text              ro code  0x0000d650     0x4  startup_MK60D10.o [1]
  .text              ro code  0x0000d654     0x4  startup_MK60D10.o [1]
  .text              ro code  0x0000d658     0x4  startup_MK60D10.o [1]
  .text              ro code  0x0000d65c     0x4  startup_MK60D10.o [1]
  .text              ro code  0x0000d660     0x4  startup_MK60D10.o [1]
  .text              ro code  0x0000d664     0x4  startup_MK60D10.o [1]
  .text              ro code  0x0000d668     0x4  startup_MK60D10.o [1]
  .text              ro code  0x0000d66c     0x4  startup_MK60D10.o [1]
  .text              ro code  0x0000d670     0x4  startup_MK60D10.o [1]
  .text              ro code  0x0000d674     0x4  startup_MK60D10.o [1]
  .text              ro code  0x0000d678     0x4  startup_MK60D10.o [1]
  .text              ro code  0x0000d67c     0x4  startup_MK60D10.o [1]
  .text              ro code  0x0000d680     0x4  startup_MK60D10.o [1]
  .text              ro code  0x0000d684     0x4  startup_MK60D10.o [1]
  .text              ro code  0x0000d688     0x4  startup_MK60D10.o [1]
  .text              ro code  0x0000d68c     0x4  startup_MK60D10.o [1]
  .text              ro code  0x0000d690     0x4  startup_MK60D10.o [1]
  .text              ro code  0x0000d694     0x4  startup_MK60D10.o [1]
  .text              ro code  0x0000d698     0x4  startup_MK60D10.o [1]
  .text              ro code  0x0000d69c     0x4  startup_MK60D10.o [1]
  .text              ro code  0x0000d6a0     0x4  startup_MK60D10.o [1]
  .text              ro code  0x0000d6a4     0x4  startup_MK60D10.o [1]
  .text              ro code  0x0000d6a8     0x4  startup_MK60D10.o [1]
  .text              ro code  0x0000d6ac     0x4  startup_MK60D10.o [1]
  .text              ro code  0x0000d6b0     0x4  startup_MK60D10.o [1]
  .text              ro code  0x0000d6b4     0x4  startup_MK60D10.o [1]
  .text              ro code  0x0000d6b8     0x4  startup_MK60D10.o [1]
  .text              ro code  0x0000d6bc     0x4  startup_MK60D10.o [1]
  .text              ro code  0x0000d6c0     0x4  startup_MK60D10.o [1]
  .text              ro code  0x0000d6c4     0x4  startup_MK60D10.o [1]
  .text              ro code  0x0000d6c8     0x4  startup_MK60D10.o [1]
  .text              ro code  0x0000d6cc     0x4  startup_MK60D10.o [1]
  .text              ro code  0x0000d6d0     0x4  startup_MK60D10.o [1]
  .text              ro code  0x0000d6d4     0x4  startup_MK60D10.o [1]
  .text              ro code  0x0000d6d8     0x4  startup_MK60D10.o [1]
  .text              ro code  0x0000d6dc     0x4  startup_MK60D10.o [1]
  .text              ro code  0x0000d6e0     0x4  startup_MK60D10.o [1]
  .text              ro code  0x0000d6e4     0x4  startup_MK60D10.o [1]
  .text              ro code  0x0000d6e8     0x4  startup_MK60D10.o [1]
  .text              ro code  0x0000d6ec     0x4  startup_MK60D10.o [1]
  .text              ro code  0x0000d6f0     0x4  startup_MK60D10.o [1]
  .text              ro code  0x0000d6f4     0x4  startup_MK60D10.o [1]
  .text              ro code  0x0000d6f8     0x4  startup_MK60D10.o [1]
  .text              ro code  0x0000d6fc     0x4  startup_MK60D10.o [1]
  .text              ro code  0x0000d700     0x4  startup_MK60D10.o [1]
  .text              ro code  0x0000d704     0x4  startup_MK60D10.o [1]
  .text              ro code  0x0000d708     0x4  startup_MK60D10.o [1]
  .text              ro code  0x0000d70c     0x4  startup_MK60D10.o [1]
  .text              ro code  0x0000d710     0x4  startup_MK60D10.o [1]
  .text              ro code  0x0000d714     0x4  startup_MK60D10.o [1]
  .text              ro code  0x0000d718     0x4  startup_MK60D10.o [1]
  .text              ro code  0x0000d71c     0x4  startup_MK60D10.o [1]
  .text              ro code  0x0000d720     0x4  startup_MK60D10.o [1]
  .rodata            const    0x0000d724     0x0  zero_init3.o [5]
  .rodata            const    0x0000d724     0x0  copy_init3.o [5]
  Initializer bytes  const    0x0000d724    0xb0  <for P3 s0>
                            - 0x0000d7d4  0xd3c4

"P3", part 1 of 3:                          0xb0
  P3 s0                       0x1fff0000    0xb0  <Init block>
    .data            inited   0x1fff0000    0xa0  img_processing.o [1]
    .data            inited   0x1fff00a0     0x4  main.o [1]
    .data            inited   0x1fff00a4     0x4  main.o [1]
    .data            inited   0x1fff00a8     0x4  system_MK60D10.o [1]
    .data            inited   0x1fff00ac     0x1  uart.o [1]
                            - 0x1fff00b0    0xb0

"P3", part 2 of 3:                        0x4118
  .bss               zero     0x1fff00b0  0x1db0  varieble.o [1]
  .bss               zero     0x1fff1e60  0x1db0  varieble.o [1]
  .bss               zero     0x1fff3c10   0x400  oled.o [1]
  .bss               zero     0x1fff4010    0x40  dma.o [1]
  .bss               zero     0x1fff4050    0x34  varieble.o [1]
  .bss               zero     0x1fff4084    0x34  varieble.o [1]
  .bss               zero     0x1fff40b8    0x34  varieble.o [1]
  .bss               zero     0x1fff40ec    0x18  uart.o [1]
  .bss               zero     0x1fff4104    0x18  uart.o [1]
  .bss               zero     0x1fff411c    0x14  gpio.o [1]
  .bss               zero     0x1fff4130    0x10  pit.o [1]
  .bss               zero     0x1fff4140     0xc  ftm.o [1]
  .bss               zero     0x1fff414c     0xc  spi.o [1]
  .bss               zero     0x1fff4158     0x8  adc.o [1]
  .bss               zero     0x1fff4160     0x8  can.o [1]
  .bss               zero     0x1fff4168     0x8  dac.o [1]
  .bss               zero     0x1fff4170     0x4  enet.o [1]
  .bss               zero     0x1fff4174     0x4  enet.o [1]
  .bss               zero     0x1fff4178     0x4  lptmr.o [1]
  .bss               zero     0x1fff417c     0x4  main.o [1]
  .bss               zero     0x1fff4180     0x4  main.o [1]
  .bss               zero     0x1fff4184     0x4  main.o [1]
  .bss               zero     0x1fff4188     0x4  main.o [1]
  .bss               zero     0x1fff418c     0x4  main.o [1]
  .bss               zero     0x1fff4190     0x4  main.o [1]
  .bss               zero     0x1fff4194     0x4  main.o [1]
  .bss               zero     0x1fff4198     0x4  pdb.o [1]
  .bss               zero     0x1fff419c     0x4  pit.o [1]
  .bss               zero     0x1fff41a0     0x4  rtc.o [1]
  .bss               zero     0x1fff41a4     0x4  systick.o [1]
  .bss               zero     0x1fff41a8     0x4  systick.o [1]
  .bss               zero     0x1fff41ac     0x4  tsi.o [1]
  .bss               zero     0x1fff41b0     0x4  varieble.o [1]
  .bss               zero     0x1fff41b4     0x4  varieble.o [1]
  .bss               zero     0x1fff41b8     0x4  wdog.o [1]
  .bss               zero     0x1fff41bc     0x2  isr.o [1]
  .bss               zero     0x1fff41be     0x2  main.o [1]
  .bss               zero     0x1fff41c0     0x2  main.o [1]
  .bss               zero     0x1fff41c2     0x2  varieble.o [1]
  .bss               zero     0x1fff41c4     0x1  main.o [1]
  .bss               zero     0x1fff41c5     0x1  main.o [1]
  .bss               zero     0x1fff41c6     0x1  uart.o [1]
                            - 0x1fff41c7  0x4117

"P3", part 3 of 3:                        0x2000
  CSTACK                      0x1fff41c8  0x2000  <Block>
    CSTACK           uninit   0x1fff41c8  0x2000  <Block tail>
                            - 0x1fff61c8  0x2000


*******************************************************************************
*** INIT TABLE
***

          Address     Size
          -------     ----
Zero (__iar_zero_init3)
    1 destination range, total size 0x4117:
          0x1fff00b0  0x4117

Copy (__iar_copy_init3)
    1 source range, total size 0xb0 (101% of destination):
          0x0000d724    0xb0
    1 destination range, total size 0xad:
          0x1fff0000    0xad



*******************************************************************************
*** MODULE SUMMARY
***

    Module             ro code  ro data  rw data
    ------             -------  -------  -------
C:\Users\jzwdq\Desktop\O\SmartC\Camera_K60_Demo_2020\Debug\Obj: [1]
    DEV_SCCB.o             426
    adc.o                1 364       32        8
    can.o                   48                 8
    common.o               114
    dac.o                  148        8        8
    dma.o                  808        4       64
    enet.o                  72                 8
    ftm.o                3 274       60       12
    gpio.o               1 458       68       20
    img_processing.o       316      160      160
    init.o                 796
    isr.o                  160                 2
    lptmr.o                400       12        4
    main.o               1 560        8       42
    oled.o               1 328   35 452    1 024
    pdb.o                   40                 4
    pit.o                  412        4       20
    rtc.o                   88                 4
    spi.o                   82       12       12
    startup_MK60D10.o    1 308
    system_MK60D10.o       572        4        4
    systick.o              236                 8
    tsi.o                   52                 4
    uart.o               1 548      125       50
    upper_monitor.o         64        4
    varieble.o                            15 366
    wdog.o                  40                 4
    --------------------------------------------
    Total:              16 714   35 953   16 836

command line: [2]
    --------------------------------------------
    Total:

dl7M_tlf.a: [3]
    exit.o                   4
    low_level_init.o         4
    --------------------------------------------
    Total:                   8

m7M_tl.a: [4]
    DblAdd.o               360
    DblMul.o               418
    DblSub.o               226
    DblToS32.o              58
    FltAdd.o               226
    FltCmpGe.o              36
    FltDiv.o               252
    FltMul.o               216
    FltSub.o               128
    FltToDbl.o              72
    FltToS32.o              42
    S32ToDbl.o              34
    S32ToFlt.o              36
    U32ToFlt.o              28
    --------------------------------------------
    Total:               2 132

rt7M_tl.a: [5]
    ABImemclr.o              6
    ABImemclr4.o             6
    ABImemset.o             94
    ABImemset48.o           50
    cexit.o                 10
    cmain.o                 30
    copy_init3.o            44
    cstartup_M.o            12
    data_init.o             40
    zero_init3.o            64
    --------------------------------------------
    Total:                 356

shb_l.a: [6]
    exit.o                  20
    --------------------------------------------
    Total:                  20

    Gaps                    26        4
    Linker created                   39    8 192
------------------------------------------------
    Grand Total:        19 256   35 996   25 028


*******************************************************************************
*** ENTRY LIST
***

Entry                      Address    Size  Type      Object
-----                      -------    ----  ----      ------
.iar.init_table$$Base   0x0000d4b0           --   Gb  - Linker created -
.iar.init_table$$Limit  0x0000d4d4           --   Gb  - Linker created -
?main                   0x0000d4d5          Code  Gb  cmain.o [5]
ADC0_IRQHandler         0x0000b84d    0x12  Code  Gb  adc.o [1]
ADC1_IRQHandler         0x0000b85f    0x12  Code  Gb  adc.o [1]
ADC_Calibration         0x0000b32d   0x124  Code  Gb  adc.o [1]
ADC_CallBackTable       0x1fff4158     0x8  Data  Lc  adc.o [1]
ADC_ChlMuxConfig        0x0000b81b    0x32  Code  Gb  adc.o [1]
ADC_Init                0x0000b451   0x32c  Code  Gb  adc.o [1]
ADC_InstanceTable       0x0000d600     0x8  Data  Lc  adc.o [1]
ADC_QuickInit           0x0000b77d    0x9e  Code  Gb  adc.o [1]
CAN0_ORed_Message_buffer_IRQHandler
                        0x0000d3d5     0xa  Code  Gb  can.o [1]
CAN1_ORed_Message_buffer_IRQHandler
                        0x0000d3df     0xa  Code  Gb  can.o [1]
CAN_CallBackTable       0x1fff4160     0x8  Data  Lc  can.o [1]
CAN_IRQHandler          0x0000d3b9    0x16  Code  Gb  can.o [1]
CSTACK$$Base            0x1fff41c8           --   Gb  - Linker created -
CSTACK$$Limit           0x1fff61c8           --   Gb  - Linker created -
ClkTbl                  0x0000d2b4    0x48  Data  Lc  uart.o [1]
DAC0_IRQHandler         0x0000d1f5     0xa  Code  Gb  dac.o [1]
DAC1_IRQHandler         0x0000d1ff     0xa  Code  Gb  dac.o [1]
DAC_CallBackTable       0x1fff4168     0x8  Data  Lc  dac.o [1]
DAC_IRQHandler          0x0000d175    0x74  Code  Lc  dac.o [1]
DAC_InstanceTable       0x0000d608     0x8  Data  Lc  dac.o [1]
DMA0_IRQHandler         0x0000c11d     0xa  Code  Gb  dma.o [1]
DMA10_IRQHandler        0x0000c181     0xa  Code  Gb  dma.o [1]
DMA11_IRQHandler        0x0000c18b     0xa  Code  Gb  dma.o [1]
DMA12_IRQHandler        0x0000c195     0xa  Code  Gb  dma.o [1]
DMA13_IRQHandler        0x0000c19f     0xa  Code  Gb  dma.o [1]
DMA14_IRQHandler        0x0000c1a9     0xa  Code  Gb  dma.o [1]
DMA15_IRQHandler        0x0000c1b3     0xa  Code  Gb  dma.o [1]
DMA1_IRQHandler         0x0000c127     0xa  Code  Gb  dma.o [1]
DMA2_IRQHandler         0x0000c131     0xa  Code  Gb  dma.o [1]
DMA3_IRQHandler         0x0000c13b     0xa  Code  Gb  dma.o [1]
DMA4_IRQHandler         0x0000c145     0xa  Code  Gb  dma.o [1]
DMA5_IRQHandler         0x0000c14f     0xa  Code  Gb  dma.o [1]
DMA6_IRQHandler         0x0000c159     0xa  Code  Gb  dma.o [1]
DMA7_IRQHandler         0x0000c163     0xa  Code  Gb  dma.o [1]
DMA8_IRQHandler         0x0000c16d     0xa  Code  Gb  dma.o [1]
DMA9_IRQHandler         0x0000c177     0xa  Code  Gb  dma.o [1]
DMAMUX_InstanceTable    0x0000d620     0x4  Data  Lc  dma.o [1]
DMA_CallBackTable       0x1fff4010    0x40  Data  Lc  dma.o [1]
DMA_DisableRequest      0x0000c0c3     0xa  Code  Gb  dma.o [1]
DMA_EnableRequest       0x0000c0b9     0xa  Code  Gb  dma.o [1]
DMA_IRQHandler          0x0000c0d9    0x1e  Code  Lc  dma.o [1]
DMA_Init                0x0000be95   0x224  Code  Gb  dma.o [1]
DMA_SetDestAddress      0x0000c0cd     0xc  Code  Gb  dma.o [1]
Dly_ms_200M             0x0000a9f7    0x2a  Code  Gb  oled.o [1]
ENET_CallBackRxTable    0x1fff4174     0x4  Data  Lc  enet.o [1]
ENET_CallBackTxTable    0x1fff4170     0x4  Data  Lc  enet.o [1]
ENET_Receive_IRQHandler
                        0x0000d31b    0x1e  Code  Gb  enet.o [1]
ENET_Transmit_IRQHandler
                        0x0000d2fd    0x1e  Code  Gb  enet.o [1]
FTM0_IRQHandler         0x000090bd     0xa  Code  Gb  ftm.o [1]
FTM1_IRQHandler         0x000090c7     0xa  Code  Gb  ftm.o [1]
FTM2_IRQHandler         0x000090d1     0xa  Code  Gb  ftm.o [1]
FTM_CallBackTable       0x1fff4140     0xc  Data  Lc  ftm.o [1]
FTM_ChlMaxTable         0x0000d5d0     0xc  Data  Lc  ftm.o [1]
FTM_DualChlConfig       0x000086a7    0xc6  Code  Lc  ftm.o [1]
FTM_IRQHandler          0x00009035    0x78  Code  Gb  ftm.o [1]
FTM_InstanceTable       0x0000d5c4     0xc  Data  Lc  ftm.o [1]
FTM_PWM_ChangeDuty      0x00008f7f    0xac  Code  Gb  ftm.o [1]
FTM_PWM_InvertPolarity  0x00008cb5    0xb0  Code  Gb  ftm.o [1]
FTM_PWM_QuickInit       0x00008d65   0x21a  Code  Gb  ftm.o [1]
FTM_QD_ClearCount       0x0000865b     0xe  Code  Gb  ftm.o [1]
FTM_QD_GetData          0x0000863b    0x20  Code  Gb  ftm.o [1]
FTM_QD_QuickInit        0x00008499   0x1a2  Code  Gb  ftm.o [1]
FTM_SetMode             0x0000876d   0x548  Code  Lc  ftm.o [1]
GPIO_CallBackTable      0x1fff411c    0x14  Data  Lc  gpio.o [1]
GPIO_CallbackInstall    0x000095ef    0x1e  Code  Gb  gpio.o [1]
GPIO_IRQnTable          0x0000d610     0x8  Data  Lc  gpio.o [1]
GPIO_ISR                0x0000d0d5    0xa0  Code  Gb  isr.o [1]
GPIO_ITDMAConfig        0x00009463   0x18c  Code  Gb  gpio.o [1]
GPIO_Init               0x00009315    0xe4  Code  Gb  gpio.o [1]
GPIO_InstanceTable      0x0000d568    0x14  Data  Lc  gpio.o [1]
GPIO_PinConfig          0x000092b7    0x5e  Code  Gb  gpio.o [1]
GPIO_QuickInit          0x000093f9    0x1c  Code  Gb  gpio.o [1]
GPIO_WriteBit           0x00009415    0x4e  Code  Gb  gpio.o [1]
GetClock                0x00009691    0x60  Code  Gb  common.o [1]
H_Cnt                   0x1fff41c2     0x2  Data  Gb  varieble.o [1]
LPLD_SCCB_Delay         0x0000c359     0xe  Code  Lc  DEV_SCCB.o [1]
LPLD_SCCB_SendByte      0x0000c2f5    0x52  Code  Lc  DEV_SCCB.o [1]
LPLD_SCCB_Start         0x0000c205    0x6a  Code  Lc  DEV_SCCB.o [1]
LPLD_SCCB_Stop          0x0000c26f    0x2c  Code  Lc  DEV_SCCB.o [1]
LPLD_SCCB_WaitAck       0x0000c29b    0x5a  Code  Lc  DEV_SCCB.o [1]
LPLD_SCCB_WriteReg      0x0000c1bd    0x48  Code  Gb  DEV_SCCB.o [1]
LPTMR_CallBackTable     0x1fff4178     0x4  Data  Lc  lptmr.o [1]
LPTMR_ClearCounter      0x0000b2dd    0x1a  Code  Gb  lptmr.o [1]
LPTMR_PC_Init           0x0000b19d    0xbe  Code  Gb  lptmr.o [1]
LPTMR_PC_QuickInit      0x0000b26b    0x72  Code  Gb  lptmr.o [1]
LPTMR_PC_ReadCounter    0x0000b25b    0x10  Code  Gb  lptmr.o [1]
LPTimer_IRQHandler      0x0000b2f7    0x1e  Code  Gb  lptmr.o [1]
LeftCadence             0x1fff41c0     0x2  Data  Gb  main.o [1]
LeftDir                 0x1fff41c5     0x1  Data  Gb  main.o [1]
Lx                      0x1fff4050    0x34  Data  Gb  varieble.o [1]
Midx                    0x1fff40b8    0x34  Data  Gb  varieble.o [1]
NMI_Handler             0x000096f9     0x8  Code  Gb  common.o [1]
NVIC_DisableIRQ         0x000090f3    0x16  Code  Lc  gpio.o [1]
NVIC_EnableIRQ          0x000090dd    0x16  Code  Lc  gpio.o [1]
NVIC_EnableIRQ          0x0000a275    0x14  Code  Lc  pit.o [1]
OLED_Clear              0x0000a755    0x38  Code  Gb  oled.o [1]
OLED_DrawPoint          0x0000a78d    0x8c  Code  Gb  oled.o [1]
OLED_GRAM               0x1fff3c10   0x400  Data  Gb  oled.o [1]
OLED_Init               0x0000aa21    0xfa  Code  Gb  oled.o [1]
OLED_Refresh_Gram       0x0000a6f5    0x60  Code  Gb  oled.o [1]
OLED_ShowChar           0x0000a819    0xca  Code  Gb  oled.o [1]
OLED_ShowNum_1206       0x0000a93f    0xb8  Code  Gb  oled.o [1]
OLED_ShowString_1206    0x0000a911    0x2e  Code  Gb  oled.o [1]
OLED_ShowString_1608    0x0000a8e3    0x2e  Code  Gb  oled.o [1]
OLED_WR_Byte            0x0000a69d    0x58  Code  Gb  oled.o [1]
OLED_Welcome            0x0000ab1b    0x7e  Code  Gb  oled.o [1]
PDB0_IRQHandler         0x0000d415    0x1e  Code  Gb  pdb.o [1]
PDB_CallBackTable       0x1fff4198     0x4  Data  Lc  pdb.o [1]
PIT0_IRQHandler         0x0000a3e9     0xa  Code  Gb  pit.o [1]
PIT1_IRQHandler         0x0000a3f3     0xa  Code  Gb  pit.o [1]
PIT2_IRQHandler         0x0000a3fd     0xa  Code  Gb  pit.o [1]
PIT3_IRQHandler         0x0000a407     0xa  Code  Gb  pit.o [1]
PIT_CallBackTable       0x1fff4130    0x10  Data  Lc  pit.o [1]
PIT_CallbackInstall     0x0000a381    0x1c  Code  Gb  pit.o [1]
PIT_IRQHandler          0x0000a39d    0x2a  Code  Lc  pit.o [1]
PIT_IRQnTable           0x0000d624     0x4  Data  Lc  pit.o [1]
PIT_ITDMAConfig         0x0000a2f7    0x8a  Code  Gb  pit.o [1]
PIT_Init                0x0000a289    0x5e  Code  Gb  pit.o [1]
PIT_QuickInit           0x0000a2e7    0x10  Code  Gb  pit.o [1]
PORTA_IRQHandler        0x0000965d     0xa  Code  Gb  gpio.o [1]
PORTB_IRQHandler        0x00009667     0xa  Code  Gb  gpio.o [1]
PORTC_IRQHandler        0x00009671     0xa  Code  Gb  gpio.o [1]
PORTD_IRQHandler        0x0000967b     0xa  Code  Gb  gpio.o [1]
PORTE_IRQHandler        0x00009685     0xa  Code  Gb  gpio.o [1]
PORT_IRQHandler         0x0000960d    0x30  Code  Lc  gpio.o [1]
PORT_InstanceTable      0x0000d57c    0x14  Data  Lc  gpio.o [1]
PORT_PinMuxConfig       0x00009109    0x68  Code  Gb  gpio.o [1]
PORT_PinOpenDrainConfig
                        0x0000924f    0x68  Code  Gb  gpio.o [1]
PORT_PinPullConfig      0x00009171    0xde  Code  Gb  gpio.o [1]
RTC_CallBackTable       0x1fff41a0     0x4  Data  Lc  rtc.o [1]
RTC_IRQHandler          0x0000d209    0x42  Code  Gb  rtc.o [1]
Region$$Table$$Base     0x0000d4b0           --   Gb  - Linker created -
Region$$Table$$Limit    0x0000d4d4           --   Gb  - Linker created -
RightCadence            0x1fff41be     0x2  Data  Gb  main.o [1]
RightDir                0x1fff41c4     0x1  Data  Gb  main.o [1]
RoadWidth               0x00009df1    0x4c  Code  Gb  main.o [1]
Rx                      0x1fff4084    0x34  Data  Gb  varieble.o [1]
SIM_ADCClockGateTable   0x0000d538    0x18  Data  Lc  adc.o [1]
SIM_FTMClockGateTable   0x0000d48c    0x24  Data  Lc  ftm.o [1]
SIM_GPIOClockGateTable  0x0000d590    0x14  Data  Lc  gpio.o [1]
SIM_LPTMRClockGateTable
                        0x0000d5dc     0xc  Data  Lc  lptmr.o [1]
SPI0_IRQHandler         0x0000d295     0xa  Code  Gb  spi.o [1]
SPI1_IRQHandler         0x0000d29f     0xa  Code  Gb  spi.o [1]
SPI2_IRQHandler         0x0000d2a9     0xa  Code  Gb  spi.o [1]
SPI_CallBackTable       0x1fff414c     0xc  Data  Lc  spi.o [1]
SPI_IRQHandler          0x0000d261    0x2a  Code  Lc  spi.o [1]
SPI_InstanceTable       0x0000d5e8     0xc  Data  Gb  spi.o [1]
SYSTICK_Cmd             0x0000a5a9    0x22  Code  Gb  systick.o [1]
SYSTICK_DelayInit       0x0000a591    0x18  Code  Gb  systick.o [1]
SYSTICK_DelayMs         0x0000a5ed    0x32  Code  Gb  systick.o [1]
SYSTICK_ITConfig        0x0000a5cb    0x22  Code  Gb  systick.o [1]
SYSTICK_Init            0x0000a54d    0x44  Code  Gb  systick.o [1]
Speed_Measure           0x00009e75    0x6c  Code  Gb  main.o [1]
SystemCoreClock         0x1fff00a8     0x4  Data  Gb  system_MK60D10.o [1]
SystemCoreClockUpdate   0x000097b5   0x142  Code  Gb  system_MK60D10.o [1]
SystemInit              0x00009701    0xb4  Code  Gb  system_MK60D10.o [1]
TSI0_IRQHandler         0x0000d385    0x2a  Code  Gb  tsi.o [1]
TSI_CallBackTable       0x1fff41ac     0x4  Data  Lc  tsi.o [1]
UART0_RX_TX_IRQHandler  0x0000be51     0xa  Code  Gb  uart.o [1]
UART1_RX_TX_IRQHandler  0x0000be5b     0xa  Code  Gb  uart.o [1]
UART2_RX_TX_IRQHandler  0x0000be65     0xa  Code  Gb  uart.o [1]
UART3_RX_TX_IRQHandler  0x0000be6f     0xa  Code  Gb  uart.o [1]
UART4_RX_TX_IRQHandler  0x0000be79     0xa  Code  Gb  uart.o [1]
UART5_RX_TX_IRQHandler  0x0000be83     0xa  Code  Gb  uart.o [1]
UARTBase                0x0000d550    0x18  Data  Lc  uart.o [1]
UART_CallBackRxTable    0x1fff4104    0x18  Data  Lc  uart.o [1]
UART_CallBackTxTable    0x1fff40ec    0x18  Data  Lc  uart.o [1]
UART_DebugInstance      0x1fff41c6     0x1  Data  Lc  uart.o [1]
UART_EnableRxFIFO       0x0000bc23    0x3e  Code  Gb  uart.o [1]
UART_EnableTxFIFO       0x0000bbe5    0x3e  Code  Gb  uart.o [1]
UART_GetTxFIFOSize      0x0000bc61    0x18  Code  Gb  uart.o [1]
UART_IRQ_Handler        0x0000bd7b    0xba  Code  Lc  uart.o [1]
UART_Init               0x0000b881   0x346  Code  Gb  uart.o [1]
UART_Init::is_fitst_init
                        0x1fff00ac     0x1  Data  Lc  uart.o [1]
UART_QuickInit          0x0000bd03    0x78  Code  Gb  uart.o [1]
UART_TIFOSizeTable      0x0000d51c    0x1c  Data  Lc  uart.o [1]
UART_WriteByte          0x0000bc79    0x8a  Code  Gb  uart.o [1]
V_Cnt                   0x1fff41b0     0x4  Data  Gb  varieble.o [1]
WDOG_CallBackTable      0x1fff41b8     0x4  Data  Lc  wdog.o [1]
Watchdog_IRQHandler     0x0000d43d    0x1e  Code  Gb  wdog.o [1]
_FTM_InitBasic          0x00008411    0x88  Code  Lc  ftm.o [1]
__Vectors               0x00000000           --   Gb  startup_MK60D10.o [1]
__Vectors_End           0x00000400          Data  Gb  startup_MK60D10.o [1]
__Vectors_Size {Abs}    0x00000400           --   Gb  startup_MK60D10.o [1]
__aeabi_cfrcmple        0x0000a65d          Code  Gb  FltCmpGe.o [4]
__aeabi_d2iz            0x0000afe5          Code  Gb  DblToS32.o [4]
__aeabi_dmul            0x0000ad15          Code  Gb  DblMul.o [4]
__aeabi_dsub            0x0000af01          Code  Gb  DblSub.o [4]
__aeabi_f2d             0x0000aeb9          Code  Gb  FltToDbl.o [4]
__aeabi_f2iz            0x0000c449          Code  Gb  FltToS32.o [4]
__aeabi_fadd            0x0000ac0d          Code  Gb  FltAdd.o [4]
__aeabi_fdiv            0x0000b021          Code  Gb  FltDiv.o [4]
__aeabi_fmul            0x0000c371          Code  Gb  FltMul.o [4]
__aeabi_fsub            0x0000b11d          Code  Gb  FltSub.o [4]
__aeabi_i2d             0x0000acf1          Code  Gb  S32ToDbl.o [4]
__aeabi_i2f             0x0000a639          Code  Gb  S32ToFlt.o [4]
__aeabi_memclr          0x0000c369          Code  Gb  ABImemclr.o [5]
__aeabi_memclr4         0x0000be8d          Code  Gb  ABImemclr4.o [5]
__aeabi_ui2f            0x0000a681          Code  Gb  U32ToFlt.o [4]
__cmain                 0x0000d4d5          Code  Gb  cmain.o [5]
__exit                  0x0000d509    0x14  Code  Gb  exit.o [6]
__iar_Memset4_word      0x0000c5dd          Code  Gb  ABImemset48.o [5]
__iar_Memset8_word      0x0000c5dd          Code  Gb  ABImemset48.o [5]
__iar_Memset_word       0x0000c611          Code  Gb  ABImemset.o [5]
__iar_copy_init3        0x0000d3e9    0x2c  Code  Gb  copy_init3.o [5]
__iar_dadd              0x0000af11          Code  Gb  DblSub.o [4]
__iar_data_init3        0x0000d465    0x28  Code  Gb  data_init.o [5]
__iar_dsub              0x0000c475          Code  Gb  DblAdd.o [4]
__iar_dsubStart         0x0000c487          Code  Gb  DblAdd.o [4]
__iar_fadd              0x0000b129          Code  Gb  FltSub.o [4]
__iar_fsub              0x0000ac19          Code  Gb  FltAdd.o [4]
__iar_fsubStart         0x0000ac29          Code  Gb  FltAdd.o [4]
__iar_program_start     0x0000d5f5          Code  Gb  cstartup_M.o [5]
__iar_systems$$module {Abs}
                        0x00000001          Data  Gb  command line/config [2]
__iar_zero_init3        0x0000d345    0x40  Code  Gb  zero_init3.o [5]
__low_level_init        0x0000d4f3     0x4  Code  Gb  low_level_init.o [3]
__vector_table          0x00000000          Data  Gb  startup_MK60D10.o [1]
_call_main              0x0000d4e1          Code  Gb  cmain.o [5]
_exit                   0x0000d4fd          Code  Gb  cexit.o [5]
_main                   0x0000d4ef          Code  Gb  cmain.o [5]
asc2_1206               0x0000cc60   0x474  Data  Gb  oled.o [1]
asc2_1608               0x0000c670   0x5f0  Data  Gb  oled.o [1]
current_roadwidth       0x1fff4194     0x4  Data  Gb  main.o [1]
degree_calculation      0x00009d33    0xbe  Code  Gb  main.o [1]
dispimage               0x0000a4cd    0x6a  Code  Gb  img_processing.o [1]
display_col             0x1fff0000    0xa0  Data  Gb  img_processing.o [1]
exit                    0x0000d4f7     0x4  Code  Gb  exit.o [3]
fac_ms                  0x1fff41a8     0x4  Data  Lc  systick.o [1]
fac_us                  0x1fff419c     0x4  Data  Lc  pit.o [1]
fac_us                  0x1fff41a4     0x4  Data  Lc  systick.o [1]
first_left              0x1fff418c     0x4  Data  Gb  main.o [1]
flag                    0x1fff4180     0x4  Data  Gb  main.o [1]
flag1                   0x1fff4184     0x4  Data  Gb  main.o [1]
flag2                   0x1fff4188     0x4  Data  Gb  main.o [1]
get_chl_pair_index      0x00008669    0x3e  Code  Lc  ftm.o [1]
img1                    0x1fff00b0  0x1db0  Data  Gb  varieble.o [1]
img2                    0x1fff1e60  0x1db0  Data  Gb  varieble.o [1]
imgadd                  0x1fff41b4     0x4  Data  Gb  varieble.o [1]
init                    0x00009f59   0x21e  Code  Gb  init.o [1]
init_ov7620             0x0000a177    0xca  Code  Gb  init.o [1]
init_steer              0x0000a261    0x14  Code  Gb  init.o [1]
k                       0x1fff417c     0x4  Data  Gb  main.o [1]
main                    0x00009941   0x3f2  Code  Gb  main.o [1]
motor                   0x1fff4190     0x4  Data  Gb  main.o [1]
park                    0x00009e3d    0x38  Code  Gb  main.o [1]
roadwidth               0x1fff00a4     0x4  Data  Gb  main.o [1]
searchline_OV7620       0x0000a411    0xbc  Code  Gb  img_processing.o [1]
uart_putbuff            0x0000bbc7    0x1e  Code  Gb  uart.o [1]
var                     0x1fff00a0     0x4  Data  Gb  main.o [1]
vcan_sendware           0x0000abcd    0x38  Code  Gb  upper_monitor.o [1]
vsync                   0x1fff41bc     0x2  Data  Gb  isr.o [1]
welcome                 0x00000410  0x8000  Data  Gb  oled.o [1]


[1] = C:\Users\jzwdq\Desktop\O\SmartC\Camera_K60_Demo_2020\Debug\Obj
[2] = command line
[3] = dl7M_tlf.a
[4] = m7M_tl.a
[5] = rt7M_tl.a
[6] = shb_l.a

  19 256 bytes of readonly  code memory
  35 996 bytes of readonly  data memory
  25 028 bytes of readwrite data memory

Errors: none
Warnings: none
