###############################################################################
#
# IAR ELF Linker V8.22.1.15669/W32 for ARM                12/Dec/2020  17:13:36
# Copyright 2007-2018 IAR Systems AB.
#
#    Output file  =  
#        C:\Users\jzwdq\Desktop\O\SmartC\Camera_K60_Demo_2020\Debug\Exe\seusmarter.out
#    Map file     =  
#        C:\Users\jzwdq\Desktop\O\SmartC\Camera_K60_Demo_2020\Debug\List\seusmarter.map
#    Command line =  
#        -f C:\Users\jzwdq\AppData\Local\Temp\EW325B.tmp
#        (C:\Users\jzwdq\Desktop\O\SmartC\Camera_K60_Demo_2020\Debug\Obj\adc.o
#        C:\Users\jzwdq\Desktop\O\SmartC\Camera_K60_Demo_2020\Debug\Obj\can.o
#        C:\Users\jzwdq\Desktop\O\SmartC\Camera_K60_Demo_2020\Debug\Obj\cmp.o
#        C:\Users\jzwdq\Desktop\O\SmartC\Camera_K60_Demo_2020\Debug\Obj\common.o
#        C:\Users\jzwdq\Desktop\O\SmartC\Camera_K60_Demo_2020\Debug\Obj\cpuidy.o
#        C:\Users\jzwdq\Desktop\O\SmartC\Camera_K60_Demo_2020\Debug\Obj\crc.o
#        C:\Users\jzwdq\Desktop\O\SmartC\Camera_K60_Demo_2020\Debug\Obj\dac.o
#        C:\Users\jzwdq\Desktop\O\SmartC\Camera_K60_Demo_2020\Debug\Obj\DEV_SCCB.o
#        C:\Users\jzwdq\Desktop\O\SmartC\Camera_K60_Demo_2020\Debug\Obj\dma.o
#        C:\Users\jzwdq\Desktop\O\SmartC\Camera_K60_Demo_2020\Debug\Obj\enet.o
#        C:\Users\jzwdq\Desktop\O\SmartC\Camera_K60_Demo_2020\Debug\Obj\flash.o
#        C:\Users\jzwdq\Desktop\O\SmartC\Camera_K60_Demo_2020\Debug\Obj\flexbus.o
#        C:\Users\jzwdq\Desktop\O\SmartC\Camera_K60_Demo_2020\Debug\Obj\ftm.o
#        C:\Users\jzwdq\Desktop\O\SmartC\Camera_K60_Demo_2020\Debug\Obj\gpio.o
#        C:\Users\jzwdq\Desktop\O\SmartC\Camera_K60_Demo_2020\Debug\Obj\gui.o
#        C:\Users\jzwdq\Desktop\O\SmartC\Camera_K60_Demo_2020\Debug\Obj\i2c.o
#        C:\Users\jzwdq\Desktop\O\SmartC\Camera_K60_Demo_2020\Debug\Obj\i2s.o
#        C:\Users\jzwdq\Desktop\O\SmartC\Camera_K60_Demo_2020\Debug\Obj\img_processing.o
#        C:\Users\jzwdq\Desktop\O\SmartC\Camera_K60_Demo_2020\Debug\Obj\init.o
#        C:\Users\jzwdq\Desktop\O\SmartC\Camera_K60_Demo_2020\Debug\Obj\isr.o
#        C:\Users\jzwdq\Desktop\O\SmartC\Camera_K60_Demo_2020\Debug\Obj\lptmr.o
#        C:\Users\jzwdq\Desktop\O\SmartC\Camera_K60_Demo_2020\Debug\Obj\main.o
#        C:\Users\jzwdq\Desktop\O\SmartC\Camera_K60_Demo_2020\Debug\Obj\nfc.o
#        C:\Users\jzwdq\Desktop\O\SmartC\Camera_K60_Demo_2020\Debug\Obj\oled.o
#        C:\Users\jzwdq\Desktop\O\SmartC\Camera_K60_Demo_2020\Debug\Obj\pdb.o
#        C:\Users\jzwdq\Desktop\O\SmartC\Camera_K60_Demo_2020\Debug\Obj\pit.o
#        C:\Users\jzwdq\Desktop\O\SmartC\Camera_K60_Demo_2020\Debug\Obj\rtc.o
#        C:\Users\jzwdq\Desktop\O\SmartC\Camera_K60_Demo_2020\Debug\Obj\sd.o
#        C:\Users\jzwdq\Desktop\O\SmartC\Camera_K60_Demo_2020\Debug\Obj\spi.o
#        C:\Users\jzwdq\Desktop\O\SmartC\Camera_K60_Demo_2020\Debug\Obj\startup_MK60D10.o
#        C:\Users\jzwdq\Desktop\O\SmartC\Camera_K60_Demo_2020\Debug\Obj\sysinit.o
#        C:\Users\jzwdq\Desktop\O\SmartC\Camera_K60_Demo_2020\Debug\Obj\system_MK60D10.o
#        C:\Users\jzwdq\Desktop\O\SmartC\Camera_K60_Demo_2020\Debug\Obj\systick.o
#        C:\Users\jzwdq\Desktop\O\SmartC\Camera_K60_Demo_2020\Debug\Obj\tsi.o
#        C:\Users\jzwdq\Desktop\O\SmartC\Camera_K60_Demo_2020\Debug\Obj\uart.o
#        C:\Users\jzwdq\Desktop\O\SmartC\Camera_K60_Demo_2020\Debug\Obj\upper_monitor.o
#        C:\Users\jzwdq\Desktop\O\SmartC\Camera_K60_Demo_2020\Debug\Obj\varieble.o
#        C:\Users\jzwdq\Desktop\O\SmartC\Camera_K60_Demo_2020\Debug\Obj\vref.o
#        C:\Users\jzwdq\Desktop\O\SmartC\Camera_K60_Demo_2020\Debug\Obj\wdog.o
#        -o
#        C:\Users\jzwdq\Desktop\O\SmartC\Camera_K60_Demo_2020\Debug\Exe\seusmarter.out
#        --redirect _Printf=_PrintfFullNoMb --redirect _Scanf=_ScanfFullNoMb
#        --map
#        C:\Users\jzwdq\Desktop\O\SmartC\Camera_K60_Demo_2020\Debug\List\seusmarter.map
#        --config "C:\Program Files (x86)\IAR Systems\Embedded Workbench
#        8.0\arm\config\linker\NXP\MK60xN512_10.icf" --semihosting --entry
#        __iar_program_start --vfe --text_out locale)
#
###############################################################################

*******************************************************************************
*** RUNTIME MODEL ATTRIBUTES
***

CppFlavor       = *
__SystemLibrary = DLib
__dlib_version  = 6


*******************************************************************************
*** HEAP SELECTION
***

The basic heap was selected because no calls to memory allocation
functions were found in the application outside of system library
functions, and there are calls to deallocation functions in the
application.


*******************************************************************************
*** PLACEMENT SUMMARY
***

"A0":  place at 0x00000000 { ro section .intvec };
"P2":  place in [from 0x00000000 to 0x000003ff] |
                [from 0x00000410 to 0x0007ffff] { ro };
define block CSTACK with size = 8K, alignment = 8 { };
define block HEAP with size = 16K, alignment = 8 { };
"P3":  place in [from 0x1fff0000 to 0x1fffffff repeat 2] {
          rw, block CSTACK, block HEAP };
initialize by copy { rw };

No sections matched the following patterns:

  section FlashConfig  in "P1"


  Section            Kind        Address    Size  Object
  -------            ----        -------    ----  ------
"A0":                                      0x410
  .intvec            ro code  0x00000000   0x410  startup_MK60D10.o [1]
                            - 0x00000410   0x410

"P2":                                     0xcd34
  .rodata            const    0x00000410  0x8000  oled.o [1]
  .text              ro code  0x00008410   0xafa  ftm.o [1]
  .rodata            const    0x00008f0a     0x2  upper_monitor.o [1]
  .text              ro code  0x00008f0c   0x5b2  gpio.o [1]
  .rodata            const    0x000094be     0x2  upper_monitor.o [1]
  .text              ro code  0x000094c0    0x70  common.o [1]
  .text              ro code  0x00009530   0x23c  system_MK60D10.o [1]
  .text              ro code  0x0000976c     0x2  common.o [1]
  .text              ro code  0x00009770   0x60c  uart.o [1]
  .rodata            const    0x00009d7c   0x5f0  oled.o [1]
  .text              ro code  0x0000a36c   0x554  adc.o [1]
  .text              ro code  0x0000a8c0   0x530  oled.o [1]
  .text              ro code  0x0000adf0     0x6  ABImemclr.o [5]
  .text              ro code  0x0000adf8    0xd8  FltMul.o [4]
  .text              ro code  0x0000aed0    0x2a  FltToS32.o [4]
  .text              ro code  0x0000aefc    0x5e  ABImemset.o [5]
  .rodata            const    0x0000af5c   0x474  oled.o [1]
  .text              ro code  0x0000b3d0   0x424  main.o [1]
  .text              ro code  0x0000b7f4   0x2fc  init.o [1]
  .text              ro code  0x0000baf0    0x40  upper_monitor.o [1]
  .text              ro code  0x0000bb30    0xec  systick.o [1]
  .text              ro code  0x0000bc1c   0x13c  img_processing.o [1]
  .text              ro code  0x0000bd58    0x24  S32ToFlt.o [4]
  .text              ro code  0x0000bd7c    0x24  FltCmpGe.o [4]
  .text              ro code  0x0000bda0    0x1c  U32ToFlt.o [4]
  .text              ro code  0x0000bdbc    0xe2  FltAdd.o [4]
  .text              ro code  0x0000bea0    0x22  S32ToDbl.o [4]
  .text              ro code  0x0000bec4   0x1a2  DblMul.o [4]
  .text              ro code  0x0000c068    0x48  FltToDbl.o [4]
  .text              ro code  0x0000c0b0    0xe2  DblSub.o [4]
  .text              ro code  0x0000c194    0x3a  DblToS32.o [4]
  .text              ro code  0x0000c1d0    0xfc  FltDiv.o [4]
  .text              ro code  0x0000c2cc    0x80  FltSub.o [4]
  .text              ro code  0x0000c34c     0x6  ABImemclr4.o [5]
  .text              ro code  0x0000c354   0x328  dma.o [1]
  .text              ro code  0x0000c67c   0x1aa  DEV_SCCB.o [1]
  .text              ro code  0x0000c828   0x168  DblAdd.o [4]
  .text              ro code  0x0000c990    0x32  ABImemset48.o [5]
  .text              ro code  0x0000c9c4    0xa0  isr.o [1]
  .text              ro code  0x0000ca64    0x94  dac.o [1]
  .text              ro code  0x0000caf8    0x5c  pit.o [1]
  .text              ro code  0x0000cb54    0x58  rtc.o [1]
  .text              ro code  0x0000cbac    0x52  spi.o [1]
  .rodata            const    0x0000cc00    0x48  uart.o [1]
  .text              ro code  0x0000cc48    0x48  enet.o [1]
  .text              ro code  0x0000cc90    0x40  zero_init3.o [5]
  .text              ro code  0x0000ccd0    0x34  tsi.o [1]
  .text              ro code  0x0000cd04    0x30  can.o [1]
  .text              ro code  0x0000cd34    0x2c  copy_init3.o [5]
  .text              ro code  0x0000cd60    0x28  lptmr.o [1]
  .text              ro code  0x0000cd88    0x28  pdb.o [1]
  .text              ro code  0x0000cdb0    0x28  wdog.o [1]
  .text              ro code  0x0000cdd8    0x28  data_init.o [5]
  .rodata            const    0x0000ce00    0x24  ftm.o [1]
  .iar.init_table    const    0x0000ce24    0x24  - Linker created -
  .text              ro code  0x0000ce48    0x1e  cmain.o [5]
  .text              ro code  0x0000ce66     0x4  low_level_init.o [3]
  .text              ro code  0x0000ce6a     0x4  exit.o [3]
  .text              ro code  0x0000ce70     0xa  cexit.o [5]
  .text              ro code  0x0000ce7c    0x14  exit.o [6]
  .rodata            const    0x0000ce90    0x1c  uart.o [1]
  .rodata            const    0x0000ceac    0x18  adc.o [1]
  .rodata            const    0x0000cec4    0x18  uart.o [1]
  .rodata            const    0x0000cedc    0x14  gpio.o [1]
  .rodata            const    0x0000cef0    0x14  gpio.o [1]
  .rodata            const    0x0000cf04    0x14  gpio.o [1]
  .rodata            const    0x0000cf18    0x10  oled.o [1]
  .text              ro code  0x0000cf28    0x10  startup_MK60D10.o [1]
  .rodata            const    0x0000cf38     0xc  ftm.o [1]
  .rodata            const    0x0000cf44     0xc  ftm.o [1]
  .rodata            const    0x0000cf50     0xc  spi.o [1]
  .text              ro code  0x0000cf5c     0xc  cstartup_M.o [5]
  .rodata            const    0x0000cf68     0x8  adc.o [1]
  .rodata            const    0x0000cf70     0x8  dac.o [1]
  .rodata            const    0x0000cf78     0x8  gpio.o [1]
  .rodata            const    0x0000cf80     0x8  oled.o [1]
  .rodata            const    0x0000cf88     0x4  dma.o [1]
  .text              ro code  0x0000cf8c     0x4  startup_MK60D10.o [1]
  .text              ro code  0x0000cf90     0x4  startup_MK60D10.o [1]
  .text              ro code  0x0000cf94     0x4  startup_MK60D10.o [1]
  .text              ro code  0x0000cf98     0x4  startup_MK60D10.o [1]
  .text              ro code  0x0000cf9c     0x4  startup_MK60D10.o [1]
  .text              ro code  0x0000cfa0     0x4  startup_MK60D10.o [1]
  .text              ro code  0x0000cfa4     0x4  startup_MK60D10.o [1]
  .text              ro code  0x0000cfa8     0x4  startup_MK60D10.o [1]
  .text              ro code  0x0000cfac     0x4  startup_MK60D10.o [1]
  .text              ro code  0x0000cfb0     0x4  startup_MK60D10.o [1]
  .text              ro code  0x0000cfb4     0x4  startup_MK60D10.o [1]
  .text              ro code  0x0000cfb8     0x4  startup_MK60D10.o [1]
  .text              ro code  0x0000cfbc     0x4  startup_MK60D10.o [1]
  .text              ro code  0x0000cfc0     0x4  startup_MK60D10.o [1]
  .text              ro code  0x0000cfc4     0x4  startup_MK60D10.o [1]
  .text              ro code  0x0000cfc8     0x4  startup_MK60D10.o [1]
  .text              ro code  0x0000cfcc     0x4  startup_MK60D10.o [1]
  .text              ro code  0x0000cfd0     0x4  startup_MK60D10.o [1]
  .text              ro code  0x0000cfd4     0x4  startup_MK60D10.o [1]
  .text              ro code  0x0000cfd8     0x4  startup_MK60D10.o [1]
  .text              ro code  0x0000cfdc     0x4  startup_MK60D10.o [1]
  .text              ro code  0x0000cfe0     0x4  startup_MK60D10.o [1]
  .text              ro code  0x0000cfe4     0x4  startup_MK60D10.o [1]
  .text              ro code  0x0000cfe8     0x4  startup_MK60D10.o [1]
  .text              ro code  0x0000cfec     0x4  startup_MK60D10.o [1]
  .text              ro code  0x0000cff0     0x4  startup_MK60D10.o [1]
  .text              ro code  0x0000cff4     0x4  startup_MK60D10.o [1]
  .text              ro code  0x0000cff8     0x4  startup_MK60D10.o [1]
  .text              ro code  0x0000cffc     0x4  startup_MK60D10.o [1]
  .text              ro code  0x0000d000     0x4  startup_MK60D10.o [1]
  .text              ro code  0x0000d004     0x4  startup_MK60D10.o [1]
  .text              ro code  0x0000d008     0x4  startup_MK60D10.o [1]
  .text              ro code  0x0000d00c     0x4  startup_MK60D10.o [1]
  .text              ro code  0x0000d010     0x4  startup_MK60D10.o [1]
  .text              ro code  0x0000d014     0x4  startup_MK60D10.o [1]
  .text              ro code  0x0000d018     0x4  startup_MK60D10.o [1]
  .text              ro code  0x0000d01c     0x4  startup_MK60D10.o [1]
  .text              ro code  0x0000d020     0x4  startup_MK60D10.o [1]
  .text              ro code  0x0000d024     0x4  startup_MK60D10.o [1]
  .text              ro code  0x0000d028     0x4  startup_MK60D10.o [1]
  .text              ro code  0x0000d02c     0x4  startup_MK60D10.o [1]
  .text              ro code  0x0000d030     0x4  startup_MK60D10.o [1]
  .text              ro code  0x0000d034     0x4  startup_MK60D10.o [1]
  .text              ro code  0x0000d038     0x4  startup_MK60D10.o [1]
  .text              ro code  0x0000d03c     0x4  startup_MK60D10.o [1]
  .text              ro code  0x0000d040     0x4  startup_MK60D10.o [1]
  .text              ro code  0x0000d044     0x4  startup_MK60D10.o [1]
  .text              ro code  0x0000d048     0x4  startup_MK60D10.o [1]
  .text              ro code  0x0000d04c     0x4  startup_MK60D10.o [1]
  .text              ro code  0x0000d050     0x4  startup_MK60D10.o [1]
  .text              ro code  0x0000d054     0x4  startup_MK60D10.o [1]
  .text              ro code  0x0000d058     0x4  startup_MK60D10.o [1]
  .text              ro code  0x0000d05c     0x4  startup_MK60D10.o [1]
  .text              ro code  0x0000d060     0x4  startup_MK60D10.o [1]
  .text              ro code  0x0000d064     0x4  startup_MK60D10.o [1]
  .text              ro code  0x0000d068     0x4  startup_MK60D10.o [1]
  .text              ro code  0x0000d06c     0x4  startup_MK60D10.o [1]
  .text              ro code  0x0000d070     0x4  startup_MK60D10.o [1]
  .text              ro code  0x0000d074     0x4  startup_MK60D10.o [1]
  .text              ro code  0x0000d078     0x4  startup_MK60D10.o [1]
  .text              ro code  0x0000d07c     0x4  startup_MK60D10.o [1]
  .text              ro code  0x0000d080     0x4  startup_MK60D10.o [1]
  .text              ro code  0x0000d084     0x4  startup_MK60D10.o [1]
  .rodata            const    0x0000d088     0x0  zero_init3.o [5]
  .rodata            const    0x0000d088     0x0  copy_init3.o [5]
  Initializer bytes  const    0x0000d088    0xbc  <for P3 s0>
                            - 0x0000d144  0xcd34

"P3", part 1 of 3:                          0xbc
  P3 s0                       0x1fff0000    0xbc  <Init block>
    .data            inited   0x1fff0000    0xa0  img_processing.o [1]
    .data            inited   0x1fff00a0    0x10  main.o [1]
    .data            inited   0x1fff00b0     0x4  main.o [1]
    .data            inited   0x1fff00b4     0x4  system_MK60D10.o [1]
    .data            inited   0x1fff00b8     0x1  uart.o [1]
                            - 0x1fff00bc    0xbc

"P3", part 2 of 3:                        0x4114
  .bss               zero     0x1fff00bc  0x1db0  varieble.o [1]
  .bss               zero     0x1fff1e6c  0x1db0  varieble.o [1]
  .bss               zero     0x1fff3c1c   0x400  oled.o [1]
  .bss               zero     0x1fff401c    0x40  dma.o [1]
  .bss               zero     0x1fff405c    0x34  varieble.o [1]
  .bss               zero     0x1fff4090    0x34  varieble.o [1]
  .bss               zero     0x1fff40c4    0x34  varieble.o [1]
  .bss               zero     0x1fff40f8    0x18  uart.o [1]
  .bss               zero     0x1fff4110    0x18  uart.o [1]
  .bss               zero     0x1fff4128    0x14  gpio.o [1]
  .bss               zero     0x1fff413c    0x10  pit.o [1]
  .bss               zero     0x1fff414c     0xc  ftm.o [1]
  .bss               zero     0x1fff4158     0xc  spi.o [1]
  .bss               zero     0x1fff4164     0x8  adc.o [1]
  .bss               zero     0x1fff416c     0x8  can.o [1]
  .bss               zero     0x1fff4174     0x8  dac.o [1]
  .bss               zero     0x1fff417c     0x4  enet.o [1]
  .bss               zero     0x1fff4180     0x4  enet.o [1]
  .bss               zero     0x1fff4184     0x4  lptmr.o [1]
  .bss               zero     0x1fff4188     0x4  main.o [1]
  .bss               zero     0x1fff418c     0x4  main.o [1]
  .bss               zero     0x1fff4190     0x4  main.o [1]
  .bss               zero     0x1fff4194     0x4  main.o [1]
  .bss               zero     0x1fff4198     0x4  main.o [1]
  .bss               zero     0x1fff419c     0x4  main.o [1]
  .bss               zero     0x1fff41a0     0x4  main.o [1]
  .bss               zero     0x1fff41a4     0x4  main.o [1]
  .bss               zero     0x1fff41a8     0x4  pdb.o [1]
  .bss               zero     0x1fff41ac     0x4  rtc.o [1]
  .bss               zero     0x1fff41b0     0x4  systick.o [1]
  .bss               zero     0x1fff41b4     0x4  systick.o [1]
  .bss               zero     0x1fff41b8     0x4  tsi.o [1]
  .bss               zero     0x1fff41bc     0x4  varieble.o [1]
  .bss               zero     0x1fff41c0     0x4  varieble.o [1]
  .bss               zero     0x1fff41c4     0x4  wdog.o [1]
  .bss               zero     0x1fff41c8     0x2  isr.o [1]
  .bss               zero     0x1fff41ca     0x2  varieble.o [1]
  .bss               zero     0x1fff41cc     0x1  uart.o [1]
                            - 0x1fff41cd  0x4111

"P3", part 3 of 3:                        0x2000
  CSTACK                      0x1fff41d0  0x2000  <Block>
    CSTACK           uninit   0x1fff41d0  0x2000  <Block tail>
                            - 0x1fff61d0  0x2000


*******************************************************************************
*** INIT TABLE
***

          Address     Size
          -------     ----
Zero (__iar_zero_init3)
    1 destination range, total size 0x4111:
          0x1fff00bc  0x4111

Copy (__iar_copy_init3)
    1 source range, total size 0xbc (101% of destination):
          0x0000d088    0xbc
    1 destination range, total size 0xb9:
          0x1fff0000    0xb9



*******************************************************************************
*** MODULE SUMMARY
***

    Module             ro code  ro data  rw data
    ------             -------  -------  -------
C:\Users\jzwdq\Desktop\O\SmartC\Camera_K60_Demo_2020\Debug\Obj: [1]
    DEV_SCCB.o             426
    adc.o                1 364       32        8
    can.o                   48                 8
    common.o               114
    dac.o                  148        8        8
    dma.o                  808        4       64
    enet.o                  72                 8
    ftm.o                2 810       60       12
    gpio.o               1 458       68       20
    img_processing.o       316      160      160
    init.o                 764
    isr.o                  160                 2
    lptmr.o                 40                 4
    main.o               1 060       20       52
    oled.o               1 328   35 452    1 024
    pdb.o                   40                 4
    pit.o                   92                16
    rtc.o                   88                 4
    spi.o                   82       12       12
    startup_MK60D10.o    1 308
    system_MK60D10.o       572        4        4
    systick.o              236                 8
    tsi.o                   52                 4
    uart.o               1 548      125       50
    upper_monitor.o         64        4
    varieble.o                            15 366
    wdog.o                  40                 4
    --------------------------------------------
    Total:              15 038   35 949   16 842

command line: [2]
    --------------------------------------------
    Total:

dl7M_tlf.a: [3]
    exit.o                   4
    low_level_init.o         4
    --------------------------------------------
    Total:                   8

m7M_tl.a: [4]
    DblAdd.o               360
    DblMul.o               418
    DblSub.o               226
    DblToS32.o              58
    FltAdd.o               226
    FltCmpGe.o              36
    FltDiv.o               252
    FltMul.o               216
    FltSub.o               128
    FltToDbl.o              72
    FltToS32.o              42
    S32ToDbl.o              34
    S32ToFlt.o              36
    U32ToFlt.o              28
    --------------------------------------------
    Total:               2 132

rt7M_tl.a: [5]
    ABImemclr.o              6
    ABImemclr4.o             6
    ABImemset.o             94
    ABImemset48.o           50
    cexit.o                 10
    cmain.o                 30
    copy_init3.o            44
    cstartup_M.o            12
    data_init.o             40
    zero_init3.o            64
    --------------------------------------------
    Total:                 356

shb_l.a: [6]
    exit.o                  20
    --------------------------------------------
    Total:                  20

    Gaps                    26        4
    Linker created                   39    8 192
------------------------------------------------
    Grand Total:        17 580   35 992   25 034


*******************************************************************************
*** ENTRY LIST
***

Entry                      Address    Size  Type      Object
-----                      -------    ----  ----      ------
.iar.init_table$$Base   0x0000ce24           --   Gb  - Linker created -
.iar.init_table$$Limit  0x0000ce48           --   Gb  - Linker created -
?main                   0x0000ce49          Code  Gb  cmain.o [5]
ADC0_IRQHandler         0x0000a88d    0x12  Code  Gb  adc.o [1]
ADC1_IRQHandler         0x0000a89f    0x12  Code  Gb  adc.o [1]
ADC_Calibration         0x0000a36d   0x124  Code  Gb  adc.o [1]
ADC_CallBackTable       0x1fff4164     0x8  Data  Lc  adc.o [1]
ADC_ChlMuxConfig        0x0000a85b    0x32  Code  Gb  adc.o [1]
ADC_Init                0x0000a491   0x32c  Code  Gb  adc.o [1]
ADC_InstanceTable       0x0000cf68     0x8  Data  Lc  adc.o [1]
ADC_QuickInit           0x0000a7bd    0x9e  Code  Gb  adc.o [1]
CAN0_ORed_Message_buffer_IRQHandler
                        0x0000cd21     0xa  Code  Gb  can.o [1]
CAN1_ORed_Message_buffer_IRQHandler
                        0x0000cd2b     0xa  Code  Gb  can.o [1]
CAN_CallBackTable       0x1fff416c     0x8  Data  Lc  can.o [1]
CAN_IRQHandler          0x0000cd05    0x16  Code  Gb  can.o [1]
CSTACK$$Base            0x1fff41d0           --   Gb  - Linker created -
CSTACK$$Limit           0x1fff61d0           --   Gb  - Linker created -
ClkTbl                  0x0000cc00    0x48  Data  Lc  uart.o [1]
DAC0_IRQHandler         0x0000cae5     0xa  Code  Gb  dac.o [1]
DAC1_IRQHandler         0x0000caef     0xa  Code  Gb  dac.o [1]
DAC_CallBackTable       0x1fff4174     0x8  Data  Lc  dac.o [1]
DAC_IRQHandler          0x0000ca65    0x74  Code  Lc  dac.o [1]
DAC_InstanceTable       0x0000cf70     0x8  Data  Lc  dac.o [1]
DMA0_IRQHandler         0x0000c5dd     0xa  Code  Gb  dma.o [1]
DMA10_IRQHandler        0x0000c641     0xa  Code  Gb  dma.o [1]
DMA11_IRQHandler        0x0000c64b     0xa  Code  Gb  dma.o [1]
DMA12_IRQHandler        0x0000c655     0xa  Code  Gb  dma.o [1]
DMA13_IRQHandler        0x0000c65f     0xa  Code  Gb  dma.o [1]
DMA14_IRQHandler        0x0000c669     0xa  Code  Gb  dma.o [1]
DMA15_IRQHandler        0x0000c673     0xa  Code  Gb  dma.o [1]
DMA1_IRQHandler         0x0000c5e7     0xa  Code  Gb  dma.o [1]
DMA2_IRQHandler         0x0000c5f1     0xa  Code  Gb  dma.o [1]
DMA3_IRQHandler         0x0000c5fb     0xa  Code  Gb  dma.o [1]
DMA4_IRQHandler         0x0000c605     0xa  Code  Gb  dma.o [1]
DMA5_IRQHandler         0x0000c60f     0xa  Code  Gb  dma.o [1]
DMA6_IRQHandler         0x0000c619     0xa  Code  Gb  dma.o [1]
DMA7_IRQHandler         0x0000c623     0xa  Code  Gb  dma.o [1]
DMA8_IRQHandler         0x0000c62d     0xa  Code  Gb  dma.o [1]
DMA9_IRQHandler         0x0000c637     0xa  Code  Gb  dma.o [1]
DMAMUX_InstanceTable    0x0000cf88     0x4  Data  Lc  dma.o [1]
DMA_CallBackTable       0x1fff401c    0x40  Data  Lc  dma.o [1]
DMA_DisableRequest      0x0000c583     0xa  Code  Gb  dma.o [1]
DMA_EnableRequest       0x0000c579     0xa  Code  Gb  dma.o [1]
DMA_IRQHandler          0x0000c599    0x1e  Code  Lc  dma.o [1]
DMA_Init                0x0000c355   0x224  Code  Gb  dma.o [1]
DMA_SetDestAddress      0x0000c58d     0xc  Code  Gb  dma.o [1]
Dly_ms_200M             0x0000ac1b    0x2a  Code  Gb  oled.o [1]
ENET_CallBackRxTable    0x1fff4180     0x4  Data  Lc  enet.o [1]
ENET_CallBackTxTable    0x1fff417c     0x4  Data  Lc  enet.o [1]
ENET_Receive_IRQHandler
                        0x0000cc67    0x1e  Code  Gb  enet.o [1]
ENET_Transmit_IRQHandler
                        0x0000cc49    0x1e  Code  Gb  enet.o [1]
FTM0_IRQHandler         0x00008eed     0xa  Code  Gb  ftm.o [1]
FTM1_IRQHandler         0x00008ef7     0xa  Code  Gb  ftm.o [1]
FTM2_IRQHandler         0x00008f01     0xa  Code  Gb  ftm.o [1]
FTM_CallBackTable       0x1fff414c     0xc  Data  Lc  ftm.o [1]
FTM_ChlMaxTable         0x0000cf44     0xc  Data  Lc  ftm.o [1]
FTM_DualChlConfig       0x000084d7    0xc6  Code  Lc  ftm.o [1]
FTM_IRQHandler          0x00008e65    0x78  Code  Gb  ftm.o [1]
FTM_InstanceTable       0x0000cf38     0xc  Data  Lc  ftm.o [1]
FTM_PWM_ChangeDuty      0x00008daf    0xac  Code  Gb  ftm.o [1]
FTM_PWM_InvertPolarity  0x00008ae5    0xb0  Code  Gb  ftm.o [1]
FTM_PWM_QuickInit       0x00008b95   0x21a  Code  Gb  ftm.o [1]
FTM_SetMode             0x0000859d   0x548  Code  Lc  ftm.o [1]
GPIO_CallBackTable      0x1fff4128    0x14  Data  Lc  gpio.o [1]
GPIO_CallbackInstall    0x0000941f    0x1e  Code  Gb  gpio.o [1]
GPIO_IRQnTable          0x0000cf78     0x8  Data  Lc  gpio.o [1]
GPIO_ISR                0x0000c9c5    0xa0  Code  Gb  isr.o [1]
GPIO_ITDMAConfig        0x00009293   0x18c  Code  Gb  gpio.o [1]
GPIO_Init               0x00009145    0xe4  Code  Gb  gpio.o [1]
GPIO_InstanceTable      0x0000cedc    0x14  Data  Lc  gpio.o [1]
GPIO_PinConfig          0x000090e7    0x5e  Code  Gb  gpio.o [1]
GPIO_QuickInit          0x00009229    0x1c  Code  Gb  gpio.o [1]
GPIO_WriteBit           0x00009245    0x4e  Code  Gb  gpio.o [1]
GetClock                0x000094c1    0x60  Code  Gb  common.o [1]
H_Cnt                   0x1fff41ca     0x2  Data  Gb  varieble.o [1]
LPLD_SCCB_Delay         0x0000c819     0xe  Code  Lc  DEV_SCCB.o [1]
LPLD_SCCB_SendByte      0x0000c7b5    0x52  Code  Lc  DEV_SCCB.o [1]
LPLD_SCCB_Start         0x0000c6c5    0x6a  Code  Lc  DEV_SCCB.o [1]
LPLD_SCCB_Stop          0x0000c72f    0x2c  Code  Lc  DEV_SCCB.o [1]
LPLD_SCCB_WaitAck       0x0000c75b    0x5a  Code  Lc  DEV_SCCB.o [1]
LPLD_SCCB_WriteReg      0x0000c67d    0x48  Code  Gb  DEV_SCCB.o [1]
LPTMR_CallBackTable     0x1fff4184     0x4  Data  Lc  lptmr.o [1]
LPTimer_IRQHandler      0x0000cd61    0x1e  Code  Gb  lptmr.o [1]
Lx                      0x1fff405c    0x34  Data  Gb  varieble.o [1]
Midx                    0x1fff40c4    0x34  Data  Gb  varieble.o [1]
NMI_Handler             0x00009529     0x8  Code  Gb  common.o [1]
NVIC_DisableIRQ         0x00008f23    0x16  Code  Lc  gpio.o [1]
NVIC_EnableIRQ          0x00008f0d    0x16  Code  Lc  gpio.o [1]
OLED_Clear              0x0000a979    0x38  Code  Gb  oled.o [1]
OLED_DrawPoint          0x0000a9b1    0x8c  Code  Gb  oled.o [1]
OLED_GRAM               0x1fff3c1c   0x400  Data  Gb  oled.o [1]
OLED_Init               0x0000ac45    0xfa  Code  Gb  oled.o [1]
OLED_Refresh_Gram       0x0000a919    0x60  Code  Gb  oled.o [1]
OLED_ShowChar           0x0000aa3d    0xca  Code  Gb  oled.o [1]
OLED_ShowNum_1206       0x0000ab63    0xb8  Code  Gb  oled.o [1]
OLED_ShowString_1206    0x0000ab35    0x2e  Code  Gb  oled.o [1]
OLED_ShowString_1608    0x0000ab07    0x2e  Code  Gb  oled.o [1]
OLED_WR_Byte            0x0000a8c1    0x58  Code  Gb  oled.o [1]
OLED_Welcome            0x0000ad3f    0x7e  Code  Gb  oled.o [1]
PDB0_IRQHandler         0x0000cd89    0x1e  Code  Gb  pdb.o [1]
PDB_CallBackTable       0x1fff41a8     0x4  Data  Lc  pdb.o [1]
PIT0_IRQHandler         0x0000cb2d     0xa  Code  Gb  pit.o [1]
PIT1_IRQHandler         0x0000cb37     0xa  Code  Gb  pit.o [1]
PIT2_IRQHandler         0x0000cb41     0xa  Code  Gb  pit.o [1]
PIT3_IRQHandler         0x0000cb4b     0xa  Code  Gb  pit.o [1]
PIT_CallBackTable       0x1fff413c    0x10  Data  Lc  pit.o [1]
PIT_IRQHandler          0x0000caf9    0x2a  Code  Lc  pit.o [1]
PORTA_IRQHandler        0x0000948d     0xa  Code  Gb  gpio.o [1]
PORTB_IRQHandler        0x00009497     0xa  Code  Gb  gpio.o [1]
PORTC_IRQHandler        0x000094a1     0xa  Code  Gb  gpio.o [1]
PORTD_IRQHandler        0x000094ab     0xa  Code  Gb  gpio.o [1]
PORTE_IRQHandler        0x000094b5     0xa  Code  Gb  gpio.o [1]
PORT_IRQHandler         0x0000943d    0x30  Code  Lc  gpio.o [1]
PORT_InstanceTable      0x0000cef0    0x14  Data  Lc  gpio.o [1]
PORT_PinMuxConfig       0x00008f39    0x68  Code  Gb  gpio.o [1]
PORT_PinOpenDrainConfig
                        0x0000907f    0x68  Code  Gb  gpio.o [1]
PORT_PinPullConfig      0x00008fa1    0xde  Code  Gb  gpio.o [1]
RTC_CallBackTable       0x1fff41ac     0x4  Data  Lc  rtc.o [1]
RTC_IRQHandler          0x0000cb55    0x42  Code  Gb  rtc.o [1]
Region$$Table$$Base     0x0000ce24           --   Gb  - Linker created -
Region$$Table$$Limit    0x0000ce48           --   Gb  - Linker created -
RoadWidth               0x0000b73f    0x4c  Code  Gb  main.o [1]
Rx                      0x1fff4090    0x34  Data  Gb  varieble.o [1]
SIM_ADCClockGateTable   0x0000ceac    0x18  Data  Lc  adc.o [1]
SIM_FTMClockGateTable   0x0000ce00    0x24  Data  Lc  ftm.o [1]
SIM_GPIOClockGateTable  0x0000cf04    0x14  Data  Lc  gpio.o [1]
SPI0_IRQHandler         0x0000cbe1     0xa  Code  Gb  spi.o [1]
SPI1_IRQHandler         0x0000cbeb     0xa  Code  Gb  spi.o [1]
SPI2_IRQHandler         0x0000cbf5     0xa  Code  Gb  spi.o [1]
SPI_CallBackTable       0x1fff4158     0xc  Data  Lc  spi.o [1]
SPI_IRQHandler          0x0000cbad    0x2a  Code  Lc  spi.o [1]
SPI_InstanceTable       0x0000cf50     0xc  Data  Gb  spi.o [1]
SYSTICK_Cmd             0x0000bb8d    0x22  Code  Gb  systick.o [1]
SYSTICK_DelayInit       0x0000bb75    0x18  Code  Gb  systick.o [1]
SYSTICK_DelayMs         0x0000bbd1    0x32  Code  Gb  systick.o [1]
SYSTICK_ITConfig        0x0000bbaf    0x22  Code  Gb  systick.o [1]
SYSTICK_Init            0x0000bb31    0x44  Code  Gb  systick.o [1]
SystemCoreClock         0x1fff00b4     0x4  Data  Gb  system_MK60D10.o [1]
SystemCoreClockUpdate   0x000095e5   0x142  Code  Gb  system_MK60D10.o [1]
SystemInit              0x00009531    0xb4  Code  Gb  system_MK60D10.o [1]
TSI0_IRQHandler         0x0000ccd1    0x2a  Code  Gb  tsi.o [1]
TSI_CallBackTable       0x1fff41b8     0x4  Data  Lc  tsi.o [1]
UART0_RX_TX_IRQHandler  0x00009d41     0xa  Code  Gb  uart.o [1]
UART1_RX_TX_IRQHandler  0x00009d4b     0xa  Code  Gb  uart.o [1]
UART2_RX_TX_IRQHandler  0x00009d55     0xa  Code  Gb  uart.o [1]
UART3_RX_TX_IRQHandler  0x00009d5f     0xa  Code  Gb  uart.o [1]
UART4_RX_TX_IRQHandler  0x00009d69     0xa  Code  Gb  uart.o [1]
UART5_RX_TX_IRQHandler  0x00009d73     0xa  Code  Gb  uart.o [1]
UARTBase                0x0000cec4    0x18  Data  Lc  uart.o [1]
UART_CallBackRxTable    0x1fff4110    0x18  Data  Lc  uart.o [1]
UART_CallBackTxTable    0x1fff40f8    0x18  Data  Lc  uart.o [1]
UART_DebugInstance      0x1fff41cc     0x1  Data  Lc  uart.o [1]
UART_EnableRxFIFO       0x00009b13    0x3e  Code  Gb  uart.o [1]
UART_EnableTxFIFO       0x00009ad5    0x3e  Code  Gb  uart.o [1]
UART_GetTxFIFOSize      0x00009b51    0x18  Code  Gb  uart.o [1]
UART_IRQ_Handler        0x00009c6b    0xba  Code  Lc  uart.o [1]
UART_Init               0x00009771   0x346  Code  Gb  uart.o [1]
UART_Init::is_fitst_init
                        0x1fff00b8     0x1  Data  Lc  uart.o [1]
UART_QuickInit          0x00009bf3    0x78  Code  Gb  uart.o [1]
UART_TIFOSizeTable      0x0000ce90    0x1c  Data  Lc  uart.o [1]
UART_WriteByte          0x00009b69    0x8a  Code  Gb  uart.o [1]
V_Cnt                   0x1fff41bc     0x4  Data  Gb  varieble.o [1]
WDOG_CallBackTable      0x1fff41c4     0x4  Data  Lc  wdog.o [1]
Watchdog_IRQHandler     0x0000cdb1    0x1e  Code  Gb  wdog.o [1]
_FTM_InitBasic          0x00008411    0x88  Code  Lc  ftm.o [1]
__Vectors               0x00000000           --   Gb  startup_MK60D10.o [1]
__Vectors_End           0x00000400          Data  Gb  startup_MK60D10.o [1]
__Vectors_Size {Abs}    0x00000400           --   Gb  startup_MK60D10.o [1]
__aeabi_cfrcmple        0x0000bd7d          Code  Gb  FltCmpGe.o [4]
__aeabi_d2iz            0x0000c195          Code  Gb  DblToS32.o [4]
__aeabi_dmul            0x0000bec5          Code  Gb  DblMul.o [4]
__aeabi_dsub            0x0000c0b1          Code  Gb  DblSub.o [4]
__aeabi_f2d             0x0000c069          Code  Gb  FltToDbl.o [4]
__aeabi_f2iz            0x0000aed1          Code  Gb  FltToS32.o [4]
__aeabi_fadd            0x0000bdbd          Code  Gb  FltAdd.o [4]
__aeabi_fdiv            0x0000c1d1          Code  Gb  FltDiv.o [4]
__aeabi_fmul            0x0000adf9          Code  Gb  FltMul.o [4]
__aeabi_fsub            0x0000c2cd          Code  Gb  FltSub.o [4]
__aeabi_i2d             0x0000bea1          Code  Gb  S32ToDbl.o [4]
__aeabi_i2f             0x0000bd59          Code  Gb  S32ToFlt.o [4]
__aeabi_memclr          0x0000adf1          Code  Gb  ABImemclr.o [5]
__aeabi_memclr4         0x0000c34d          Code  Gb  ABImemclr4.o [5]
__aeabi_ui2f            0x0000bda1          Code  Gb  U32ToFlt.o [4]
__cmain                 0x0000ce49          Code  Gb  cmain.o [5]
__exit                  0x0000ce7d    0x14  Code  Gb  exit.o [6]
__iar_Memset4_word      0x0000c991          Code  Gb  ABImemset48.o [5]
__iar_Memset8_word      0x0000c991          Code  Gb  ABImemset48.o [5]
__iar_Memset_word       0x0000aefd          Code  Gb  ABImemset.o [5]
__iar_copy_init3        0x0000cd35    0x2c  Code  Gb  copy_init3.o [5]
__iar_dadd              0x0000c0c1          Code  Gb  DblSub.o [4]
__iar_data_init3        0x0000cdd9    0x28  Code  Gb  data_init.o [5]
__iar_dsub              0x0000c829          Code  Gb  DblAdd.o [4]
__iar_dsubStart         0x0000c83b          Code  Gb  DblAdd.o [4]
__iar_fadd              0x0000c2d9          Code  Gb  FltSub.o [4]
__iar_fsub              0x0000bdc9          Code  Gb  FltAdd.o [4]
__iar_fsubStart         0x0000bdd9          Code  Gb  FltAdd.o [4]
__iar_program_start     0x0000cf5d          Code  Gb  cstartup_M.o [5]
__iar_systems$$module {Abs}
                        0x00000001          Data  Gb  command line/config [2]
__iar_zero_init3        0x0000cc91    0x40  Code  Gb  zero_init3.o [5]
__low_level_init        0x0000ce67     0x4  Code  Gb  low_level_init.o [3]
__vector_table          0x00000000          Data  Gb  startup_MK60D10.o [1]
_call_main              0x0000ce55          Code  Gb  cmain.o [5]
_exit                   0x0000ce71          Code  Gb  cexit.o [5]
_main                   0x0000ce63          Code  Gb  cmain.o [5]
asc2_1206               0x0000af5c   0x474  Data  Gb  oled.o [1]
asc2_1608               0x00009d7c   0x5f0  Data  Gb  oled.o [1]
current_roadwidth       0x1fff41a4     0x4  Data  Gb  main.o [1]
degree_calculation      0x0000b675    0xca  Code  Gb  main.o [1]
dispimage               0x0000bcd9    0x6a  Code  Gb  img_processing.o [1]
display_col             0x1fff0000    0xa0  Data  Gb  img_processing.o [1]
exit                    0x0000ce6b     0x4  Code  Gb  exit.o [3]
fac_ms                  0x1fff41b4     0x4  Data  Lc  systick.o [1]
fac_us                  0x1fff41b0     0x4  Data  Lc  systick.o [1]
flag                    0x1fff418c     0x4  Data  Gb  main.o [1]
flag1                   0x1fff4190     0x4  Data  Gb  main.o [1]
flag2                   0x1fff4194     0x4  Data  Gb  main.o [1]
get_chl_pair_index      0x00008499    0x3e  Code  Lc  ftm.o [1]
img1                    0x1fff00bc  0x1db0  Data  Gb  varieble.o [1]
img2                    0x1fff1e6c  0x1db0  Data  Gb  varieble.o [1]
imgadd                  0x1fff41c0     0x4  Data  Gb  varieble.o [1]
init                    0x0000b7f5   0x202  Code  Gb  init.o [1]
init_ov7620             0x0000b9f7    0xca  Code  Gb  init.o [1]
init_steer              0x0000badd    0x14  Code  Gb  init.o [1]
k                       0x1fff4188     0x4  Data  Gb  main.o [1]
main                    0x0000b3d1   0x2a4  Code  Gb  main.o [1]
motor                   0x1fff41a0     0x4  Data  Gb  main.o [1]
roadwidth               0x1fff00b0     0x4  Data  Gb  main.o [1]
searchline_OV7620       0x0000bc1d    0xbc  Code  Gb  img_processing.o [1]
t1                      0x1fff4198     0x4  Data  Gb  main.o [1]
t2                      0x1fff419c     0x4  Data  Gb  main.o [1]
uart_putbuff            0x00009ab7    0x1e  Code  Gb  uart.o [1]
var                     0x1fff00a0    0x10  Data  Gb  main.o [1]
vcan_sendware           0x0000baf1    0x38  Code  Gb  upper_monitor.o [1]
vsync                   0x1fff41c8     0x2  Data  Gb  isr.o [1]
welcome                 0x00000410  0x8000  Data  Gb  oled.o [1]


[1] = C:\Users\jzwdq\Desktop\O\SmartC\Camera_K60_Demo_2020\Debug\Obj
[2] = command line
[3] = dl7M_tlf.a
[4] = m7M_tl.a
[5] = rt7M_tl.a
[6] = shb_l.a

  17 580 bytes of readonly  code memory
  35 992 bytes of readonly  data memory
  25 034 bytes of readwrite data memory

Errors: none
Warnings: none
